Component: ARM Compiler 5.06 update 7 (build 960) Tool: armlink [4d3601]

==============================================================================

Section Cross References

    startup_stm32f103xb.o(STACK) refers (Special) to heapauxi.o(.text) for __use_two_region_memory
    startup_stm32f103xb.o(HEAP) refers (Special) to heapauxi.o(.text) for __use_two_region_memory
    startup_stm32f103xb.o(RESET) refers (Special) to heapauxi.o(.text) for __use_two_region_memory
    startup_stm32f103xb.o(RESET) refers to startup_stm32f103xb.o(STACK) for __initial_sp
    startup_stm32f103xb.o(RESET) refers to startup_stm32f103xb.o(.text) for Reset_Handler
    startup_stm32f103xb.o(RESET) refers to stm32f1xx_it.o(i.NMI_Handler) for NMI_Handler
    startup_stm32f103xb.o(RESET) refers to stm32f1xx_it.o(i.HardFault_Handler) for HardFault_Handler
    startup_stm32f103xb.o(RESET) refers to stm32f1xx_it.o(i.MemManage_Handler) for MemManage_Handler
    startup_stm32f103xb.o(RESET) refers to stm32f1xx_it.o(i.BusFault_Handler) for BusFault_Handler
    startup_stm32f103xb.o(RESET) refers to stm32f1xx_it.o(i.UsageFault_Handler) for UsageFault_Handler
    startup_stm32f103xb.o(RESET) refers to stm32f1xx_it.o(i.SVC_Handler) for SVC_Handler
    startup_stm32f103xb.o(RESET) refers to stm32f1xx_it.o(i.DebugMon_Handler) for DebugMon_Handler
    startup_stm32f103xb.o(RESET) refers to stm32f1xx_it.o(i.PendSV_Handler) for PendSV_Handler
    startup_stm32f103xb.o(RESET) refers to stm32f1xx_it.o(i.SysTick_Handler) for SysTick_Handler
    startup_stm32f103xb.o(RESET) refers to stm32f1xx_it.o(i.DMA1_Channel1_IRQHandler) for DMA1_Channel1_IRQHandler
    startup_stm32f103xb.o(RESET) refers to stm32f1xx_it.o(i.TIM1_UP_IRQHandler) for TIM1_UP_IRQHandler
    startup_stm32f103xb.o(.text) refers (Special) to heapauxi.o(.text) for __use_two_region_memory
    startup_stm32f103xb.o(.text) refers to system_stm32f1xx.o(i.SystemInit) for SystemInit
    startup_stm32f103xb.o(.text) refers to __main.o(!!!main) for __main
    startup_stm32f103xb.o(.text) refers to startup_stm32f103xb.o(HEAP) for Heap_Mem
    startup_stm32f103xb.o(.text) refers to startup_stm32f103xb.o(STACK) for Stack_Mem
    oled.o(i.OLED_Clear) refers to oled.o(i.OLED_Refresh) for OLED_Refresh
    oled.o(i.OLED_Clear) refers to oled.o(.bss) for .bss
    oled.o(i.OLED_ColorTurn) refers to oled.o(i.OLED_WR_Byte) for OLED_WR_Byte
    oled.o(i.OLED_DisplayTurn) refers to oled.o(i.OLED_WR_Byte) for OLED_WR_Byte
    oled.o(i.OLED_Display_Off) refers to oled.o(i.OLED_WR_Byte) for OLED_WR_Byte
    oled.o(i.OLED_Display_On) refers to oled.o(i.OLED_WR_Byte) for OLED_WR_Byte
    oled.o(i.OLED_DrawPoint) refers to oled.o(.bss) for .bss
    oled.o(i.OLED_Init) refers to stm32f1xx_hal_gpio.o(i.HAL_GPIO_WritePin) for HAL_GPIO_WritePin
    oled.o(i.OLED_Init) refers to stm32f1xx_hal.o(i.HAL_Delay) for HAL_Delay
    oled.o(i.OLED_Init) refers to oled.o(i.OLED_WR_Byte) for OLED_WR_Byte
    oled.o(i.OLED_Init) refers to oled.o(i.OLED_Clear) for OLED_Clear
    oled.o(i.OLED_Refresh) refers to oled.o(i.OLED_WR_Byte) for OLED_WR_Byte
    oled.o(i.OLED_Refresh) refers to oled.o(.bss) for .bss
    oled.o(i.OLED_ShowChar) refers to oled.o(i.OLED_DrawPoint) for OLED_DrawPoint
    oled.o(i.OLED_ShowChar) refers to oled.o(.constdata) for .constdata
    oled.o(i.OLED_ShowNum) refers to oled.o(i.OLED_Pow) for OLED_Pow
    oled.o(i.OLED_ShowNum) refers to oled.o(i.OLED_ShowChar) for OLED_ShowChar
    oled.o(i.OLED_ShowString) refers to oled.o(i.OLED_ShowChar) for OLED_ShowChar
    oled.o(i.OLED_WR_Byte) refers to stm32f1xx_hal_gpio.o(i.HAL_GPIO_WritePin) for HAL_GPIO_WritePin
    mpu6050.o(i.MPU_Get_Accelerometer) refers to mpu6050.o(i.MPU_Read_Len) for MPU_Read_Len
    mpu6050.o(i.MPU_Get_Gyroscope) refers to mpu6050.o(i.MPU_Read_Len) for MPU_Read_Len
    mpu6050.o(i.MPU_Get_Temperature) refers to mpu6050.o(i.MPU_Read_Len) for MPU_Read_Len
    mpu6050.o(i.MPU_Get_Temperature) refers to dflt_clz.o(x$fpl$dflt) for __aeabi_i2d
    mpu6050.o(i.MPU_Get_Temperature) refers to daddsub_clz.o(x$fpl$dadd) for __aeabi_dadd
    mpu6050.o(i.MPU_Get_Temperature) refers to ddiv.o(x$fpl$ddiv) for __aeabi_ddiv
    mpu6050.o(i.MPU_Get_Temperature) refers to dmul.o(x$fpl$dmul) for __aeabi_dmul
    mpu6050.o(i.MPU_Get_Temperature) refers to d2f.o(x$fpl$d2f) for __aeabi_d2f
    mpu6050.o(i.MPU_Get_Temperature) refers to fdiv.o(x$fpl$fdiv) for __aeabi_fdiv
    mpu6050.o(i.MPU_Init) refers to stm32f1xx_hal_i2c.o(i.HAL_I2C_Init) for HAL_I2C_Init
    mpu6050.o(i.MPU_Init) refers to stm32f1xx_hal.o(i.HAL_Delay) for HAL_Delay
    mpu6050.o(i.MPU_Init) refers to mpu6050.o(i.MPU_Write_Byte) for MPU_Write_Byte
    mpu6050.o(i.MPU_Init) refers to mpu6050.o(i.MPU_Set_Gyro_Fsr) for MPU_Set_Gyro_Fsr
    mpu6050.o(i.MPU_Init) refers to mpu6050.o(i.MPU_Set_Accel_Fsr) for MPU_Set_Accel_Fsr
    mpu6050.o(i.MPU_Init) refers to mpu6050.o(i.MPU_Set_Rate) for MPU_Set_Rate
    mpu6050.o(i.MPU_Init) refers to mpu6050.o(i.MPU_Read_Byte) for MPU_Read_Byte
[...]
    x$fpl$dnaninf                            0x08006108   Section      156  dnaninf.o(x$fpl$dnaninf)
    x$fpl$dretinf                            0x080061a4   Section       12  dretinf.o(x$fpl$dretinf)
    x$fpl$drsb                               0x080061b0   Section       22  daddsub_clz.o(x$fpl$drsb)
    x$fpl$dsqrt                              0x080061c8   Section      460  dsqrt_noumaal.o(x$fpl$dsqrt)
    x$fpl$dsub                               0x08006394   Section      468  daddsub_clz.o(x$fpl$dsub)
    _dsub1                                   0x080063a5   Thumb Code     0  daddsub_clz.o(x$fpl$dsub)
    x$fpl$f2d                                0x08006568   Section       86  f2d.o(x$fpl$f2d)
    x$fpl$fadd                               0x080065c0   Section      196  faddsub_clz.o(x$fpl$fadd)
    _fadd1                                   0x080065cf   Thumb Code     0  faddsub_clz.o(x$fpl$fadd)
    x$fpl$fcheck1                            0x08006684   Section       12  fcheck1.o(x$fpl$fcheck1)
    x$fpl$fdiv                               0x08006690   Section      388  fdiv.o(x$fpl$fdiv)
    _fdiv1                                   0x08006691   Thumb Code     0  fdiv.o(x$fpl$fdiv)
    x$fpl$ffix                               0x08006814   Section       54  ffix.o(x$fpl$ffix)
    x$fpl$ffixu                              0x0800684c   Section       62  ffixu.o(x$fpl$ffixu)
    x$fpl$fflt                               0x0800688c   Section       48  fflt_clz.o(x$fpl$fflt)
    x$fpl$ffltu                              0x080068bc   Section       38  fflt_clz.o(x$fpl$ffltu)
    x$fpl$fmul                               0x080068e4   Section      258  fmul.o(x$fpl$fmul)
    x$fpl$fnaninf                            0x080069e6   Section      140  fnaninf.o(x$fpl$fnaninf)
    x$fpl$fretinf                            0x08006a72   Section       10  fretinf.o(x$fpl$fretinf)
    x$fpl$fsub                               0x08006a7c   Section      234  faddsub_clz.o(x$fpl$fsub)
    _fsub1                                   0x08006a8b   Thumb Code     0  faddsub_clz.o(x$fpl$fsub)
    x$fpl$retnan                             0x08006b66   Section      100  retnan.o(x$fpl$retnan)
    x$fpl$scalbn                             0x08006bca   Section       92  scalbn.o(x$fpl$scalbn)
    x$fpl$scalbnf                            0x08006c26   Section       76  scalbnf.o(x$fpl$scalbnf)
    x$fpl$trapveneer                         0x08006c72   Section       48  trapv.o(x$fpl$trapveneer)
    .constdata                               0x08006ca2   Section     6632  oled.o(.constdata)
    x$fpl$usenofp                            0x08006ca2   Section        0  usenofp.o(x$fpl$usenofp)
    .constdata                               0x0800868a   Section       27  inv_mpu.o(.constdata)
    .constdata                               0x080086a6   Section       12  inv_mpu.o(.constdata)
    .constdata                               0x080086b4   Section       40  inv_mpu.o(.constdata)
    .constdata                               0x080086dc   Section     3062  inv_mpu_dmp_motion_driver.o(.constdata)
    dmp_memory                               0x080086dc   Data        3062  inv_mpu_dmp_motion_driver.o(.constdata)
    .constdata                               0x080092d2   Section       16  system_stm32f1xx.o(.constdata)
    .constdata                               0x080092e2   Section        8  system_stm32f1xx.o(.constdata)
    .constdata                               0x080092f0   Section       80  asin.o(.constdata)
    pS                                       0x080092f0   Data          48  asin.o(.constdata)
    qS                                       0x08009320   Data          32  asin.o(.constdata)
    .constdata                               0x08009340   Section      152  atan.o(.constdata)
    atanhi                                   0x08009340   Data          32  atan.o(.constdata)
    atanlo                                   0x08009360   Data          32  atan.o(.constdata)
    aTodd                                    0x08009380   Data          40  atan.o(.constdata)
    aTeven                                   0x080093a8   Data          48  atan.o(.constdata)
    .constdata                               0x080093d8   Section        8  qnan.o(.constdata)
    .data                                    0x20000000   Section       53  inv_mpu.o(.data)
    st                                       0x20000000   Data          44  inv_mpu.o(.data)
    gyro_orientation                         0x2000002c   Data           9  inv_mpu.o(.data)
    .data                                    0x20000038   Section       80  main.o(.data)
    .data                                    0x20000088   Section        2  stm32f1xx_it.o(.data)
    .data                                    0x2000008c   Section       12  stm32f1xx_hal.o(.data)
    .data                                    0x20000098   Section        4  system_stm32f1xx.o(.data)
    .bss                                     0x2000009c   Section     1016  oled.o(.bss)
    .bss                                     0x20000494   Section       16  inv_mpu_dmp_motion_driver.o(.bss)
    dmp                                      0x20000494   Data          16  inv_mpu_dmp_motion_driver.o(.bss)
    .bss                                     0x200004a4   Section       96  main.o(.bss)
    .bss                                     0x20000504   Section      164  adc.o(.bss)
    .bss                                     0x200005a8   Section       84  i2c.o(.bss)
    .bss                                     0x200005fc   Section       72  tim.o(.bss)
    .bss                                     0x20000644   Section       68  usart.o(.bss)
    .bss                                     0x20000688   Section       96  libspace.o(.bss)
    HEAP                                     0x200006e8   Section      512  startup_stm32f103xb.o(HEAP)
    Heap_Mem                                 0x200006e8   Data         512  startup_stm32f103xb.o(HEAP)
    STACK                                    0x200008e8   Section     1024  startup_stm32f103xb.o(STACK)
    Stack_Mem                                0x200008e8   Data        1024  startup_stm32f103xb.o(STACK)
    __initial_sp                             0x20000ce8   Data           0  startup_stm32f103xb.o(STACK)

    Global Symbols

    Symbol Name                              Value     Ov Type        Size  Object(Section)

    BuildAttributes$$THM_ISAv4$P$D$K$B$S$PE$A:L22UL41UL21$X:L11$S22US41US21$IEEE1$IW$USESV6$~STKCKD$USESV7$~SHL$OTIME$ROPI$IEEEX$EBA8$UX$STANDARDLIB$REQ8$PRES8$EABIv2 0x00000000   Number         0  anon$$obj.o ABSOLUTE
    __ARM_use_no_argv                        0x00000000   Number         0  main.o ABSOLUTE
    __ARM_exceptions_init                     - Undefined Weak Reference
    __alloca_initialize                       - Undefined Weak Reference
    __arm_fini_                               - Undefined Weak Reference
    __arm_preinit_                            - Undefined Weak Reference
    __cpp_initialize__aeabi_                  - Undefined Weak Reference
    __cxa_finalize                            - Undefined Weak Reference
    __rt_locale                               - Undefined Weak Reference
    __sigvec_lookup                           - Undefined Weak Reference
    _atexit_init                              - Undefined Weak Reference
    _call_atexit_fns                          - Undefined Weak Reference
    _clock_init                               - Undefined Weak Reference
    _fp_trap_init                             - Undefined Weak Reference
    _fp_trap_shutdown                         - Undefined Weak Reference
    _get_lc_collate                           - Undefined Weak Reference
    _get_lc_ctype                             - Undefined Weak Reference
    _get_lc_monetary                          - Undefined Weak Reference
    _get_lc_numeric                           - Undefined Weak Reference
    _get_lc_time                              - Undefined Weak Reference
    _getenv_init                              - Undefined Weak Reference
    _handle_redirection                       - Undefined Weak Reference
    _init_alloc                               - Undefined Weak Reference
    _init_user_alloc                          - Undefined Weak Reference
    _initio                                   - Undefined Weak Reference
    _rand_init                                - Undefined Weak Reference
    _signal_finish                            - Undefined Weak Reference
    _signal_init                              - Undefined Weak Reference
    _terminate_alloc                          - Undefined Weak Reference
    _terminate_user_alloc                     - Undefined Weak Reference
    _terminateio                              - Undefined Weak Reference
    __Vectors_Size                           0x000000ec   Number         0  startup_stm32f103xb.o ABSOLUTE
    __Vectors                                0x08000000   Data           4  startup_stm32f103xb.o(RESET)
    __Vectors_End                            0x080000ec   Data           0  startup_stm32f103xb.o(RESET)
    __main                                   0x080000ed   Thumb Code     8  __main.o(!!!main)
    __scatterload                            0x080000f5   Thumb Code     0  __scatter.o(!!!scatter)
    __scatterload_rt2                        0x080000f5   Thumb Code    44  __scatter.o(!!!scatter)
    __scatterload_rt2_thumb_only             0x080000f5   Thumb Code     0  __scatter.o(!!!scatter)
    __scatterload_null                       0x08000103   Thumb Code     0  __scatter.o(!!!scatter)
    __scatterload_copy                       0x08000129   Thumb Code    26  __scatter_copy.o(!!handler_copy)
    __scatterload_zeroinit                   0x08000145   Thumb Code    28  __scatter_zi.o(!!handler_zi)
    __rt_lib_init                            0x08000161   Thumb Code     0  libinit.o(.ARM.Collect$$libinit$$00000000)
    __rt_lib_init_alloca_1                   0x08000163   Thumb Code     0  libinit2.o(.ARM.Collect$$libinit$$0000002E)
    __rt_lib_init_argv_1                     0x08000163   Thumb Code     0  libinit2.o(.ARM.Collect$$libinit$$0000002C)
    __rt_lib_init_atexit_1                   0x08000163   Thumb Code     0  libinit2.o(.ARM.Collect$$libinit$$0000001B)
    __rt_lib_init_clock_1                    0x08000163   Thumb Code     0  libinit2.o(.ARM.Collect$$libinit$$00000021)
    __rt_lib_init_cpp_1                      0x08000163   Thumb Code     0  libinit2.o(.ARM.Collect$$libinit$$00000032)
    __rt_lib_init_exceptions_1               0x08000163   Thumb Code     0  libinit2.o(.ARM.Collect$$libinit$$00000030)
    __rt_lib_init_fp_1                       0x08000163   Thumb Code     0  libinit2.o(.ARM.Collect$$libinit$$00000002)
    __rt_lib_init_fp_trap_1                  0x08000163   Thumb Code     0  libinit2.o(.ARM.Collect$$libinit$$0000001F)
    __rt_lib_init_getenv_1                   0x08000163   Thumb Code     0  libinit2.o(.ARM.Collect$$libinit$$00000023)
    __rt_lib_init_heap_1                     0x08000163   Thumb Code     0  libinit2.o(.ARM.Collect$$libinit$$0000000A)
    __rt_lib_init_lc_collate_1               0x08000163   Thumb Code     0  libinit2.o(.ARM.Collect$$libinit$$00000011)
    __rt_lib_init_lc_ctype_1                 0x08000163   Thumb Code     0  libinit2.o(.ARM.Collect$$libinit$$00000013)
    __rt_lib_init_lc_monetary_1              0x08000163   Thumb Code     0  libinit2.o(.ARM.Collect$$libinit$$00000015)
    __rt_lib_init_lc_numeric_1               0x08000163   Thumb Code     0  libinit2.o(.ARM.Collect$$libinit$$00000017)
    __rt_lib_init_lc_time_1                  0x08000163   Thumb Code     0  libinit2.o(.ARM.Collect$$libinit$$00000019)
    __rt_lib_init_preinit_1                  0x08000163   Thumb Code     0  libinit2.o(.ARM.Collect$$libinit$$00000004)
    __rt_lib_init_rand_1                     0x08000163   Thumb Code     0  libinit2.o(.ARM.Collect$$libinit$$0000000E)
    __rt_lib_init_return                     0x08000163   Thumb Code     0  libinit2.o(.ARM.Collect$$libinit$$00000033)
    __rt_lib_init_signal_1                   0x08000163   Thumb Code     0  libinit2.o(.ARM.Collect$$libinit$$0000001D)
    __rt_lib_init_stdio_1                    0x08000163   Thumb Code     0  libinit2.o(.ARM.Collect$$libinit$$00000025)
    __rt_lib_init_user_alloc_1               0x08000163   Thumb Code     0  libinit2.o(.ARM.Collect$$libinit$$0000000C)
    __rt_lib_shutdown                        0x08000165   Thumb Code     0  libshutdown.o(.ARM.Collect$$libshutdown$$00000000)
    __rt_lib_shutdown_cpp_1                  0x08000167   Thumb Code     0  libshutdown2.o(.ARM.Collect$$libshutdown$$00000004)
    __rt_lib_shutdown_fini_1                 0x08000167   Thumb Code     0  libshutdown2.o(.ARM.Collect$$libshutdown$$00000002)
    __rt_lib_shutdown_fp_trap_1              0x08000167   Thumb Code     0  libshutdown2.o(.ARM.Collect$$libshutdown$$00000009)
    __rt_lib_shutdown_heap_1                 0x08000167   Thumb Code     0  libshutdown2.o(.ARM.Collect$$libshutdown$$00000011)
    __rt_lib_shutdown_return                 0x08000167   Thumb Code     0  libshutdown2.o(.ARM.Collect$$libshutdown$$00000012)
    __rt_lib_shutdown_signal_1               0x08000167   Thumb Code     0  libshutdown2.o(.ARM.Collect$$libshutdown$$0000000C)
    __rt_lib_shutdown_stdio_1                0x08000167   Thumb Code     0  libshutdown2.o(.ARM.Collect$$libshutdown$$00000006)
    __rt_lib_shutdown_user_alloc_1           0x08000167   Thumb Code     0  libshutdown2.o(.ARM.Collect$$libshutdown$$0000000E)
    __rt_entry                               0x08000169   Thumb Code     0  __rtentry.o(.ARM.Collect$$rtentry$$00000000)
    __rt_entry_presh_1                       0x08000169   Thumb Code     0  __rtentry2.o(.ARM.Collect$$rtentry$$00000002)
    __rt_entry_sh                            0x08000169   Thumb Code     0  __rtentry4.o(.ARM.Collect$$rtentry$$00000004)
    __rt_entry_li                            0x0800016f   Thumb Code     0  __rtentry2.o(.ARM.Collect$$rtentry$$0000000A)
    __rt_entry_postsh_1                      0x0800016f   Thumb Code     0  __rtentry2.o(.ARM.Collect$$rtentry$$00000009)
    __rt_entry_main                          0x08000173   Thumb Code     0  __rtentry2.o(.ARM.Collect$$rtentry$$0000000D)
    __rt_entry_postli_1                      0x08000173   Thumb Code     0  __rtentry2.o(.ARM.Collect$$rtentry$$0000000C)
    __rt_exit                                0x0800017b   Thumb Code     0  rtexit.o(.ARM.Collect$$rtexit$$00000000)
    __rt_exit_ls                             0x0800017d   Thumb Code     0  rtexit2.o(.ARM.Collect$$rtexit$$00000003)
    __rt_exit_prels_1                        0x0800017d   Thumb Code     0  rtexit2.o(.ARM.Collect$$rtexit$$00000002)
    __rt_exit_exit                           0x08000181   Thumb Code     0  rtexit2.o(.ARM.Collect$$rtexit$$00000004)
    Reset_Handler                            0x08000189   Thumb Code     8  startup_stm32f103xb.o(.text)
    ADC1_2_IRQHandler                        0x080001a3   Thumb Code     0  startup_stm32f103xb.o(.text)
    CAN1_RX1_IRQHandler                      0x080001a3   Thumb Code     0  startup_stm32f103xb.o(.text)
    CAN1_SCE_IRQHandler                      0x080001a3   Thumb Code     0  startup_stm32f103xb.o(.text)
    DMA1_Channel2_IRQHandler                 0x080001a3   Thumb Code     0  startup_stm32f103xb.o(.text)
    DMA1_Channel3_IRQHandler                 0x080001a3   Thumb Code     0  startup_stm32f103xb.o(.text)
    DMA1_Channel4_IRQHandler                 0x080001a3   Thumb Code     0  startup_stm32f103xb.o(.text)
    DMA1_Channel5_IRQHandler                 0x080001a3   Thumb Code     0  startup_stm32f103xb.o(.text)
    DMA1_Channel6_IRQHandler                 0x080001a3   Thumb Code     0  startup_stm32f103xb.o(.text)
    DMA1_Channel7_IRQHandler                 0x080001a3   Thumb Code     0  startup_stm32f103xb.o(.text)
    EXTI0_IRQHandler                         0x080001a3   Thumb Code     0  startup_stm32f103xb.o(.text)
    EXTI15_10_IRQHandler                     0x080001a3   Thumb Code     0  startup_stm32f103xb.o(.text)
    EXTI1_IRQHandler                         0x080001a3   Thumb Code     0  startup_stm32f103xb.o(.text)
    EXTI2_IRQHandler                         0x080001a3   Thumb Code     0  startup_stm32f103xb.o(.text)
    EXTI3_IRQHandler                         0x080001a3   Thumb Code     0  startup_stm32f103xb.o(.text)
    EXTI4_IRQHandler                         0x080001a3   Thumb Code     0  startup_stm32f103xb.o(.text)
    EXTI9_5_IRQHandler                       0x080001a3   Thumb Code     0  startup_stm32f103xb.o(.text)
    FLASH_IRQHandler                         0x080001a3   Thumb Code     0  startup_stm32f103xb.o(.text)
    I2C1_ER_IRQHandler                       0x080001a3   Thumb Code     0  startup_stm32f103xb.o(.text)
    I2C1_EV_IRQHandler                       0x080001a3   Thumb Code     0  startup_stm32f103xb.o(.text)
    I2C2_ER_IRQHandler                       0x080001a3   Thumb Code     0  startup_stm32f103xb.o(.text)
    I2C2_EV_IRQHandler                       0x080001a3   Thumb Code     0  startup_stm32f103xb.o(.text)
    PVD_IRQHandler                           0x080001a3   Thumb Code     0  startup_stm32f103xb.o(.text)
    RCC_IRQHandler                           0x080001a3   Thumb Code     0  startup_stm32f103xb.o(.text)
    RTC_Alarm_IRQHandler                     0x080001a3   Thumb Code     0  startup_stm32f103xb.o(.text)
    RTC_IRQHandler                           0x080001a3   Thumb Code     0  startup_stm32f103xb.o(.text)
    SPI1_IRQHandler                          0x080001a3   Thumb Code     0  startup_stm32f103xb.o(.text)
    SPI2_IRQHandler                          0x080001a3   Thumb Code     0  startup_stm32f103xb.o(.text)
    TAMPER_IRQHandler                        0x080001a3   Thumb Code     0  startup_stm32f103xb.o(.text)
    TIM1_BRK_IRQHandler                      0x080001a3   Thumb Code     0  startup_stm32f103xb.o(.text)
    TIM1_CC_IRQHandler                       0x080001a3   Thumb Code     0  startup_stm32f103xb.o(.text)
    TIM1_TRG_COM_IRQHandler                  0x080001a3   Thumb Code     0  startup_stm32f103xb.o(.text)
    TIM2_IRQHandler                          0x080001a3   Thumb Code     0  startup_stm32f103xb.o(.text)
    TIM3_IRQHandler                          0x080001a3   Thumb Code     0  startup_stm32f103xb.o(.text)
    TIM4_IRQHandler                          0x080001a3   Thumb Code     0  startup_stm32f103xb.o(.text)
    USART1_IRQHandler                        0x080001a3   Thumb Code     0  startup_stm32f103xb.o(.text)
    USART2_IRQHandler                        0x080001a3   Thumb Code     0  startup_stm32f103xb.o(.text)
    USART3_IRQHandler                        0x080001a3   Thumb Code     0  startup_stm32f103xb.o(.text)
    USBWakeUp_IRQHandler                     0x080001a3   Thumb Code     0  startup_stm32f103xb.o(.text)
    USB_HP_CAN1_TX_IRQHandler                0x080001a3   Thumb Code     0  startup_stm32f103xb.o(.text)
    USB_LP_CAN1_RX0_IRQHandler               0x080001a3   Thumb Code     0  startup_stm32f103xb.o(.text)
    WWDG_IRQHandler                          0x080001a3   Thumb Code     0  startup_stm32f103xb.o(.text)
    __user_initial_stackheap                 0x080001a5   Thumb Code     0  startup_stm32f103xb.o(.text)
    __aeabi_ldivmod                          0x080001c9   Thumb Code     0  llsdiv.o(.text)
    _ll_sdiv                                 0x080001c9   Thumb Code    72  llsdiv.o(.text)
    memcmp                                   0x08000211   Thumb Code    88  memcmp.o(.text)
    __aeabi_memset                           0x08000269   Thumb Code    16  aeabi_memset.o(.text)
    __aeabi_memclr4                          0x08000279   Thumb Code     0  rt_memclr_w.o(.text)
    __aeabi_memclr8                          0x08000279   Thumb Code     0  rt_memclr_w.o(.text)
    __rt_memclr_w                            0x08000279   Thumb Code    78  rt_memclr_w.o(.text)
    _memset_w                                0x0800027d   Thumb Code     0  rt_memclr_w.o(.text)
    __use_two_region_memory                  0x080002c7   Thumb Code     2  heapauxi.o(.text)
    __rt_heap_escrow$2region                 0x080002c9   Thumb Code     2  heapauxi.o(.text)
    __rt_heap_expand$2region                 0x080002cb   Thumb Code     2  heapauxi.o(.text)
    __aeabi_uldivmod                         0x080002cd   Thumb Code     0  lludivv7m.o(.text)
    _ll_udiv                                 0x080002cd   Thumb Code   238  lludivv7m.o(.text)
    __read_errno                             0x080003bb   Thumb Code    10  _rserrno.o(.text)
    __set_errno                              0x080003c5   Thumb Code    12  _rserrno.o(.text)
    __aeabi_memclr                           0x080003d1   Thumb Code     0  rt_memclr.o(.text)
    __rt_memclr                              0x080003d1   Thumb Code    68  rt_memclr.o(.text)
    _memset                                  0x080003d5   Thumb Code     0  rt_memclr.o(.text)
    __aeabi_errno_addr                       0x08000415   Thumb Code     8  rt_errno_addr_intlibspace.o(.text)
    __errno$intlibspace                      0x08000415   Thumb Code     0  rt_errno_addr_intlibspace.o(.text)
    __rt_errno_addr$intlibspace              0x08000415   Thumb Code     0  rt_errno_addr_intlibspace.o(.text)
    __user_libspace                          0x0800041d   Thumb Code     8  libspace.o(.text)
    __user_perproc_libspace                  0x0800041d   Thumb Code     0  libspace.o(.text)
    __user_perthread_libspace                0x0800041d   Thumb Code     0  libspace.o(.text)
    __user_setup_stackheap                   0x08000425   Thumb Code    74  sys_stackheap_outer.o(.text)
    exit                                     0x0800046f   Thumb Code    18  exit.o(.text)
    _sys_exit                                0x08000481   Thumb Code     8  sys_exit.o(.text)
    __I$use$semihosting                      0x0800048d   Thumb Code     0  use_no_semi.o(.text)
    __use_no_semihosting_swi                 0x0800048d   Thumb Code     2  use_no_semi.o(.text)
    __semihosting_library_function           0x0800048f   Thumb Code     0  indicate_semi.o(.text)
    ADC_ConversionStop_Disable               0x08000491   Thumb Code    86  stm32f1xx_hal_adc.o(i.ADC_ConversionStop_Disable)
    ADC_DMAConvCplt                          0x080004e7   Thumb Code    78  stm32f1xx_hal_adc.o(i.ADC_DMAConvCplt)
    ADC_DMAError                             0x08000535   Thumb Code    26  stm32f1xx_hal_adc.o(i.ADC_DMAError)
    ADC_DMAHalfConvCplt                      0x0800054f   Thumb Code    10  stm32f1xx_hal_adc.o(i.ADC_DMAHalfConvCplt)
    ADC_Enable                               0x08000559   Thumb Code   114  stm32f1xx_hal_adc.o(i.ADC_Enable)
    BusFault_Handler                         0x080005d5   Thumb Code     2  stm32f1xx_it.o(i.BusFault_Handler)
    DMA1_Channel1_IRQHandler                 0x080005d9   Thumb Code     6  stm32f1xx_it.o(i.DMA1_Channel1_IRQHandler)
    DMA_Adc_collect                          0x080005e5   Thumb Code   190  main.o(i.DMA_Adc_collect)
    Data_upload                              0x080006e9   Thumb Code    96  main.o(i.Data_upload)
    DebugMon_Handler                         0x08000759   Thumb Code     2  stm32f1xx_it.o(i.DebugMon_Handler)
    Error_Handler                            0x0800075b   Thumb Code     4  main.o(i.Error_Handler)
    HAL_ADCEx_Calibration_Start              0x08000761   Thumb Code   210  stm32f1xx_hal_adc_ex.o(i.HAL_ADCEx_Calibration_Start)
    HAL_ADC_ConfigChannel                    0x08000839   Thumb Code   240  stm32f1xx_hal_adc.o(i.HAL_ADC_ConfigChannel)
    HAL_ADC_ConvCpltCallback                 0x08000935   Thumb Code     2  stm32f1xx_hal_adc.o(i.HAL_ADC_ConvCpltCallback)
    HAL_ADC_ConvHalfCpltCallback             0x08000937   Thumb Code     2  stm32f1xx_hal_adc.o(i.HAL_ADC_ConvHalfCpltCallback)
    HAL_ADC_ErrorCallback                    0x08000939   Thumb Code     2  stm32f1xx_hal_adc.o(i.HAL_ADC_ErrorCallback)
    HAL_ADC_GetState                         0x0800093b   Thumb Code     4  stm32f1xx_hal_adc.o(i.HAL_ADC_GetState)
    HAL_ADC_GetValue                         0x0800093f   Thumb Code     6  stm32f1xx_hal_adc.o(i.HAL_ADC_GetValue)
    HAL_ADC_Init                             0x08000945   Thumb Code   272  stm32f1xx_hal_adc.o(i.HAL_ADC_Init)
    HAL_ADC_MspInit                          0x08000a61   Thumb Code   178  adc.o(i.HAL_ADC_MspInit)
    HAL_ADC_PollForConversion                0x08000b31   Thumb Code   304  stm32f1xx_hal_adc.o(i.HAL_ADC_PollForConversion)
    HAL_ADC_Start                            0x08000c6d   Thumb Code   184  stm32f1xx_hal_adc.o(i.HAL_ADC_Start)
    HAL_ADC_Start_DMA                        0x08000d2d   Thumb Code   246  stm32f1xx_hal_adc.o(i.HAL_ADC_Start_DMA)
    HAL_DMA_IRQHandler                       0x08000e39   Thumb Code   316  stm32f1xx_hal_dma.o(i.HAL_DMA_IRQHandler)
    HAL_DMA_Init                             0x08000f8d   Thumb Code    84  stm32f1xx_hal_dma.o(i.HAL_DMA_Init)
    HAL_DMA_Start_IT                         0x08000fe9   Thumb Code   112  stm32f1xx_hal_dma.o(i.HAL_DMA_Start_IT)
    HAL_Delay                                0x08001059   Thumb Code    32  stm32f1xx_hal.o(i.HAL_Delay)
    HAL_GPIO_Init                            0x0800107d   Thumb Code   446  stm32f1xx_hal_gpio.o(i.HAL_GPIO_Init)
    HAL_GPIO_TogglePin                       0x0800125d   Thumb Code    16  stm32f1xx_hal_gpio.o(i.HAL_GPIO_TogglePin)
    HAL_GPIO_WritePin                        0x0800126d   Thumb Code    10  stm32f1xx_hal_gpio.o(i.HAL_GPIO_WritePin)
    HAL_GetTick                              0x08001279   Thumb Code     6  stm32f1xx_hal.o(i.HAL_GetTick)
    HAL_I2C_Init                             0x08001285   Thumb Code   376  stm32f1xx_hal_i2c.o(i.HAL_I2C_Init)
    HAL_I2C_Mem_Read                         0x0800140d   Thumb Code   574  stm32f1xx_hal_i2c.o(i.HAL_I2C_Mem_Read)
    HAL_I2C_Mem_Write                        0x0800165d   Thumb Code   294  stm32f1xx_hal_i2c.o(i.HAL_I2C_Mem_Write)
    HAL_I2C_MspInit                          0x0800178d   Thumb Code    82  i2c.o(i.HAL_I2C_MspInit)
    HAL_IncTick                              0x080017ed   Thumb Code    12  stm32f1xx_hal.o(i.HAL_IncTick)
    HAL_Init                                 0x080017fd   Thumb Code    32  stm32f1xx_hal.o(i.HAL_Init)
    HAL_InitTick                             0x08001821   Thumb Code    54  stm32f1xx_hal.o(i.HAL_InitTick)
    HAL_MspInit                              0x08001861   Thumb Code    52  stm32f1xx_hal_msp.o(i.HAL_MspInit)
    HAL_NVIC_EnableIRQ                       0x0800189d   Thumb Code    26  stm32f1xx_hal_cortex.o(i.HAL_NVIC_EnableIRQ)
    HAL_NVIC_SetPriority                     0x080018b9   Thumb Code    60  stm32f1xx_hal_cortex.o(i.HAL_NVIC_SetPriority)
    HAL_NVIC_SetPriorityGrouping             0x080018f9   Thumb Code    26  stm32f1xx_hal_cortex.o(i.HAL_NVIC_SetPriorityGrouping)
    HAL_RCCEx_GetPeriphCLKFreq               0x0800191d   Thumb Code   166  stm32f1xx_hal_rcc_ex.o(i.HAL_RCCEx_GetPeriphCLKFreq)
    HAL_RCCEx_PeriphCLKConfig                0x080019e5   Thumb Code   224  stm32f1xx_hal_rcc_ex.o(i.HAL_RCCEx_PeriphCLKConfig)
    HAL_RCC_ClockConfig                      0x08001ad1   Thumb Code   280  stm32f1xx_hal_rcc.o(i.HAL_RCC_ClockConfig)
    HAL_RCC_GetHCLKFreq                      0x08001bfd   Thumb Code     6  stm32f1xx_hal_rcc.o(i.HAL_RCC_GetHCLKFreq)
    HAL_RCC_GetPCLK1Freq                     0x08001c09   Thumb Code    20  stm32f1xx_hal_rcc.o(i.HAL_RCC_GetPCLK1Freq)
    HAL_RCC_GetPCLK2Freq                     0x08001c29   Thumb Code    20  stm32f1xx_hal_rcc.o(i.HAL_RCC_GetPCLK2Freq)
    HAL_RCC_GetSysClockFreq                  0x08001c49   Thumb Code    74  stm32f1xx_hal_rcc.o(i.HAL_RCC_GetSysClockFreq)
    HAL_RCC_OscConfig                        0x08001cb5   Thumb Code   778  stm32f1xx_hal_rcc.o(i.HAL_RCC_OscConfig)
    HAL_SYSTICK_Config                       0x08001fd5   Thumb Code    40  stm32f1xx_hal_cortex.o(i.HAL_SYSTICK_Config)
    HAL_TIMEx_BreakCallback                  0x08001ffd   Thumb Code     2  stm32f1xx_hal_tim_ex.o(i.HAL_TIMEx_BreakCallback)
    HAL_TIMEx_CommutCallback                 0x08001fff   Thumb Code     2  stm32f1xx_hal_tim_ex.o(i.HAL_TIMEx_CommutCallback)
    HAL_TIMEx_MasterConfigSynchronization    0x08002001   Thumb Code    92  stm32f1xx_hal_tim_ex.o(i.HAL_TIMEx_MasterConfigSynchronization)
    HAL_TIM_Base_Init                        0x08002069   Thumb Code    90  stm32f1xx_hal_tim.o(i.HAL_TIM_Base_Init)
    HAL_TIM_Base_MspInit                     0x080020c5   Thumb Code    50  tim.o(i.HAL_TIM_Base_MspInit)
    HAL_TIM_Base_Start_IT                    0x08002101   Thumb Code    76  stm32f1xx_hal_tim.o(i.HAL_TIM_Base_Start_IT)
    HAL_TIM_ConfigClockSource                0x08002159   Thumb Code   214  stm32f1xx_hal_tim.o(i.HAL_TIM_ConfigClockSource)
    HAL_TIM_IC_CaptureCallback               0x0800222f   Thumb Code     2  stm32f1xx_hal_tim.o(i.HAL_TIM_IC_CaptureCallback)
    HAL_TIM_IRQHandler                       0x08002231   Thumb Code   358  stm32f1xx_hal_tim.o(i.HAL_TIM_IRQHandler)
    HAL_TIM_OC_DelayElapsedCallback          0x08002397   Thumb Code     2  stm32f1xx_hal_tim.o(i.HAL_TIM_OC_DelayElapsedCallback)
    HAL_TIM_PWM_PulseFinishedCallback        0x08002399   Thumb Code     2  stm32f1xx_hal_tim.o(i.HAL_TIM_PWM_PulseFinishedCallback)
    HAL_TIM_PeriodElapsedCallback            0x0800239b   Thumb Code     2  stm32f1xx_hal_tim.o(i.HAL_TIM_PeriodElapsedCallback)
    HAL_TIM_TriggerCallback                  0x0800239d   Thumb Code     2  stm32f1xx_hal_tim.o(i.HAL_TIM_TriggerCallback)
    HAL_UART_Init                            0x0800239f   Thumb Code    98  stm32f1xx_hal_uart.o(i.HAL_UART_Init)
    HAL_UART_MspInit                         0x08002401   Thumb Code   100  usart.o(i.HAL_UART_MspInit)
    HAL_UART_Transmit                        0x08002471   Thumb Code   178  stm32f1xx_hal_uart.o(i.HAL_UART_Transmit)
    HardFault_Handler                        0x08002523   Thumb Code     2  stm32f1xx_it.o(i.HardFault_Handler)
    MPU6050_Get_Data                         0x080028f5   Thumb Code    58  main.o(i.MPU6050_Get_Data)
    MPU_Init                                 0x08002935   Thumb Code   126  mpu6050.o(i.MPU_Init)
    MPU_Read_Byte                            0x080029b9   Thumb Code    40  mpu6050.o(i.MPU_Read_Byte)
    MPU_Read_Len                             0x080029e5   Thumb Code    28  mpu6050.o(i.MPU_Read_Len)
    MPU_Set_Accel_Fsr                        0x08002a05   Thumb Code    10  mpu6050.o(i.MPU_Set_Accel_Fsr)
    MPU_Set_Gyro_Fsr                         0x08002a0f   Thumb Code    10  mpu6050.o(i.MPU_Set_Gyro_Fsr)
    MPU_Set_LPF                              0x08002a19   Thumb Code    48  mpu6050.o(i.MPU_Set_LPF)
    MPU_Set_Rate                             0x08002a49   Thumb Code    46  mpu6050.o(i.MPU_Set_Rate)
    MPU_Write_Byte                           0x08002a79   Thumb Code    34  mpu6050.o(i.MPU_Write_Byte)
    MPU_Write_Len                            0x08002aa1   Thumb Code    28  mpu6050.o(i.MPU_Write_Len)
    MX_ADC1_Init                             0x08002ac1   Thumb Code   130  adc.o(i.MX_ADC1_Init)
    MX_ADC2_Init                             0x08002b4d   Thumb Code    70  adc.o(i.MX_ADC2_Init)
    MX_DMA_Init                              0x08002b9d   Thumb Code    40  dma.o(i.MX_DMA_Init)
    MX_GPIO_Init                             0x08002bc9   Thumb Code   154  gpio.o(i.MX_GPIO_Init)
    MX_I2C2_Init                             0x08002c71   Thumb Code    50  i2c.o(i.MX_I2C2_Init)
    MX_TIM1_Init                             0x08002cb1   Thumb Code   100  tim.o(i.MX_TIM1_Init)
    MX_USART1_UART_Init                      0x08002d1d   Thumb Code    48  usart.o(i.MX_USART1_UART_Init)
    MemManage_Handler                        0x08002d55   Thumb Code     2  stm32f1xx_it.o(i.MemManage_Handler)
    NMI_Handler                              0x08002d57   Thumb Code     2  stm32f1xx_it.o(i.NMI_Handler)
    OLED_Clear                               0x08002d59   Thumb Code    40  oled.o(i.OLED_Clear)
    OLED_ColorTurn                           0x08002d85   Thumb Code    24  oled.o(i.OLED_ColorTurn)
    OLED_DisplayTurn                         0x08002d9d   Thumb Code    44  oled.o(i.OLED_DisplayTurn)
    OLED_DrawPoint                           0x08002dc9   Thumb Code    40  oled.o(i.OLED_DrawPoint)
    OLED_Init                                0x08002df5   Thumb Code   262  oled.o(i.OLED_Init)
    OLED_Pow                                 0x08002f01   Thumb Code    16  oled.o(i.OLED_Pow)
    OLED_Refresh                             0x08002f11   Thumb Code    70  oled.o(i.OLED_Refresh)
    OLED_Show                                0x08002f5d   Thumb Code   198  main.o(i.OLED_Show)
    OLED_ShowChar                            0x0800303d   Thumb Code   212  oled.o(i.OLED_ShowChar)
    OLED_ShowNum                             0x08003121   Thumb Code   110  oled.o(i.OLED_ShowNum)
    OLED_ShowString                          0x0800318f   Thumb Code    60  oled.o(i.OLED_ShowString)
    OLED_WR_Byte                             0x080031cd   Thumb Code   108  oled.o(i.OLED_WR_Byte)
    PendSV_Handler                           0x0800323d   Thumb Code     2  stm32f1xx_it.o(i.PendSV_Handler)
    SVC_Handler                              0x0800323f   Thumb Code     2  stm32f1xx_it.o(i.SVC_Handler)
    SysTick_Handler                          0x08003241   Thumb Code     4  stm32f1xx_it.o(i.SysTick_Handler)
    SystemClock_Config                       0x08003245   Thumb Code   120  main.o(i.SystemClock_Config)
    SystemInit                               0x080032bd   Thumb Code     2  system_stm32f1xx.o(i.SystemInit)
    TIM1_UP_IRQHandler                       0x080032c1   Thumb Code    90  stm32f1xx_it.o(i.TIM1_UP_IRQHandler)
    TIM_Base_SetConfig                       0x08003331   Thumb Code    94  stm32f1xx_hal_tim.o(i.TIM_Base_SetConfig)
    TIM_ETR_SetConfig                        0x0800339d   Thumb Code    20  stm32f1xx_hal_tim.o(i.TIM_ETR_SetConfig)
    UsageFault_Handler                       0x08003525   Thumb Code     2  stm32f1xx_it.o(i.UsageFault_Handler)
    __ARM_fpclassify                         0x08003527   Thumb Code    40  fpclassify.o(i.__ARM_fpclassify)
    __kernel_poly                            0x0800356f   Thumb Code   170  poly.o(i.__kernel_poly)
    __mathlib_dbl_infnan                     0x08003619   Thumb Code     6  dunder.o(i.__mathlib_dbl_infnan)
    __mathlib_dbl_infnan2                    0x0800361f   Thumb Code     4  dunder.o(i.__mathlib_dbl_infnan2)
    __mathlib_dbl_invalid                    0x08003623   Thumb Code    12  dunder.o(i.__mathlib_dbl_invalid)
    __mathlib_dbl_underflow                  0x08003631   Thumb Code    10  dunder.o(i.__mathlib_dbl_underflow)
    asin                                     0x080036c1   Thumb Code   572  asin.o(i.asin)
    atan                                     0x08003931   Thumb Code   474  atan.o(i.atan)
    atan2                                    0x08003b51   Thumb Code   374  atan2.o(i.atan2)
    delay_us                                 0x08003ced   Thumb Code    22  main.o(i.delay_us)
    dmp_enable_6x_lp_quat                    0x08003d09   Thumb Code    58  inv_mpu_dmp_motion_driver.o(i.dmp_enable_6x_lp_quat)
    dmp_enable_feature                       0x08003d45   Thumb Code   464  inv_mpu_dmp_motion_driver.o(i.dmp_enable_feature)
    dmp_enable_gyro_cal                      0x08003f1d   Thumb Code    34  inv_mpu_dmp_motion_driver.o(i.dmp_enable_gyro_cal)
    dmp_enable_lp_quat                       0x08003f59   Thumb Code    58  inv_mpu_dmp_motion_driver.o(i.dmp_enable_lp_quat)
    dmp_load_motion_driver_firmware          0x08003f95   Thumb Code    16  inv_mpu_dmp_motion_driver.o(i.dmp_load_motion_driver_firmware)
    dmp_read_fifo                            0x08003fa9   Thumb Code   352  inv_mpu_dmp_motion_driver.o(i.dmp_read_fifo)
    dmp_set_accel_bias                       0x0800410d   Thumb Code   210  inv_mpu_dmp_motion_driver.o(i.dmp_set_accel_bias)
    dmp_set_fifo_rate                        0x080041e5   Thumb Code    82  inv_mpu_dmp_motion_driver.o(i.dmp_set_fifo_rate)
    dmp_set_gyro_bias                        0x08004249   Thumb Code   196  inv_mpu_dmp_motion_driver.o(i.dmp_set_gyro_bias)
    dmp_set_orientation                      0x08004315   Thumb Code   246  inv_mpu_dmp_motion_driver.o(i.dmp_set_orientation)
    dmp_set_shake_reject_thresh              0x08004421   Thumb Code    48  inv_mpu_dmp_motion_driver.o(i.dmp_set_shake_reject_thresh)
    dmp_set_shake_reject_time                0x08004451   Thumb Code    32  inv_mpu_dmp_motion_driver.o(i.dmp_set_shake_reject_time)
    dmp_set_shake_reject_timeout             0x08004471   Thumb Code    32  inv_mpu_dmp_motion_driver.o(i.dmp_set_shake_reject_timeout)
    dmp_set_tap_axes                         0x08004491   Thumb Code    64  inv_mpu_dmp_motion_driver.o(i.dmp_set_tap_axes)
    dmp_set_tap_count                        0x080044d1   Thumb Code    34  inv_mpu_dmp_motion_driver.o(i.dmp_set_tap_count)
    dmp_set_tap_thresh                       0x080044f5   Thumb Code   274  inv_mpu_dmp_motion_driver.o(i.dmp_set_tap_thresh)
    dmp_set_tap_time                         0x0800461d   Thumb Code    32  inv_mpu_dmp_motion_driver.o(i.dmp_set_tap_time)
    dmp_set_tap_time_multi                   0x0800463d   Thumb Code    32  inv_mpu_dmp_motion_driver.o(i.dmp_set_tap_time_multi)
    inv_orientation_matrix_to_scalar         0x08004a9d   Thumb Code    34  inv_mpu.o(i.inv_orientation_matrix_to_scalar)
    inv_row_2_scale                          0x08004abf   Thumb Code    72  inv_mpu.o(i.inv_row_2_scale)
    main                                     0x08004b09   Thumb Code   122  main.o(i.main)
    mget_ms                                  0x08004b95   Thumb Code     2  inv_mpu.o(i.mget_ms)
    mpu_configure_fifo                       0x08004b99   Thumb Code    78  inv_mpu.o(i.mpu_configure_fifo)
    mpu_dmp_get_data                         0x08004bed   Thumb Code   408  inv_mpu.o(i.mpu_dmp_get_data)
    mpu_dmp_init                             0x08004d89   Thumb Code   160  inv_mpu.o(i.mpu_dmp_init)
    mpu_get_accel_fsr                        0x08004e31   Thumb Code    54  inv_mpu.o(i.mpu_get_accel_fsr)
    mpu_get_accel_sens                       0x08004e6d   Thumb Code    62  inv_mpu.o(i.mpu_get_accel_sens)
    mpu_get_gyro_fsr                         0x08004eb1   Thumb Code    48  inv_mpu.o(i.mpu_get_gyro_fsr)
    mpu_get_gyro_sens                        0x08004ee5   Thumb Code    44  inv_mpu.o(i.mpu_get_gyro_sens)
    mpu_get_lpf                              0x08004f25   Thumb Code    52  inv_mpu.o(i.mpu_get_lpf)
    mpu_get_sample_rate                      0x08004f5d   Thumb Code    22  inv_mpu.o(i.mpu_get_sample_rate)
    mpu_init                                 0x08004f79   Thumb Code   272  inv_mpu.o(i.mpu_init)
    mpu_load_firmware                        0x0800508d   Thumb Code   148  inv_mpu.o(i.mpu_load_firmware)
    mpu_lp_accel_mode                        0x08005125   Thumb Code   170  inv_mpu.o(i.mpu_lp_accel_mode)
    mpu_read_fifo_stream                     0x080051d5   Thumb Code   130  inv_mpu.o(i.mpu_read_fifo_stream)
    mpu_read_mem                             0x0800525d   Thumb Code    74  inv_mpu.o(i.mpu_read_mem)
    mpu_reset_fifo                           0x080052ad   Thumb Code   296  inv_mpu.o(i.mpu_reset_fifo)
    mpu_run_self_test                        0x080053d9   Thumb Code   234  inv_mpu.o(i.mpu_run_self_test)
    mpu_set_accel_fsr                        0x080054c9   Thumb Code    94  inv_mpu.o(i.mpu_set_accel_fsr)
    mpu_set_bypass                           0x0800552d   Thumb Code   196  inv_mpu.o(i.mpu_set_bypass)
    mpu_set_dmp_state                        0x080055f5   Thumb Code   106  inv_mpu.o(i.mpu_set_dmp_state)
    mpu_set_gyro_fsr                         0x08005665   Thumb Code   100  inv_mpu.o(i.mpu_set_gyro_fsr)
    mpu_set_int_latched                      0x080056cd   Thumb Code    90  inv_mpu.o(i.mpu_set_int_latched)
    mpu_set_lpf                              0x0800572d   Thumb Code    98  inv_mpu.o(i.mpu_set_lpf)
    mpu_set_sample_rate                      0x08005795   Thumb Code   120  inv_mpu.o(i.mpu_set_sample_rate)
    mpu_set_sensors                          0x08005811   Thumb Code   170  inv_mpu.o(i.mpu_set_sensors)
    mpu_write_mem                            0x080058c1   Thumb Code    74  inv_mpu.o(i.mpu_write_mem)
    run_self_test                            0x08005911   Thumb Code   128  inv_mpu.o(i.run_self_test)
    sqrt                                     0x080059e5   Thumb Code    76  sqrt.o(i.sqrt)
    __aeabi_d2f                              0x08005a31   Thumb Code     0  d2f.o(x$fpl$d2f)
    _d2f                                     0x08005a31   Thumb Code    98  d2f.o(x$fpl$d2f)
    __aeabi_dadd                             0x08005a95   Thumb Code     0  daddsub_clz.o(x$fpl$dadd)
    _dadd                                    0x08005a95   Thumb Code   332  daddsub_clz.o(x$fpl$dadd)
    __fpl_dcheck_NaN1                        0x08005be5   Thumb Code    10  dcheck1.o(x$fpl$dcheck1)
    __fpl_dcmp_Inf                           0x08005bf5   Thumb Code    24  dcmpi.o(x$fpl$dcmpinf)
    __aeabi_ddiv                             0x08005c0d   Thumb Code     0  ddiv.o(x$fpl$ddiv)
    _ddiv                                    0x08005c0d   Thumb Code   552  ddiv.o(x$fpl$ddiv)
    __aeabi_cdcmpeq                          0x08005ebd   Thumb Code     0  deqf.o(x$fpl$deqf)
    _dcmpeq                                  0x08005ebd   Thumb Code   120  deqf.o(x$fpl$deqf)
    __aeabi_d2uiz                            0x08005f35   Thumb Code     0  dfixu.o(x$fpl$dfixu)
    _dfixu                                   0x08005f35   Thumb Code    90  dfixu.o(x$fpl$dfixu)
    __aeabi_ui2d                             0x08005f8f   Thumb Code     0  dflt_clz.o(x$fpl$dfltu)
    _dfltu                                   0x08005f8f   Thumb Code    38  dflt_clz.o(x$fpl$dfltu)
    __aeabi_dmul                             0x08005fb5   Thumb Code     0  dmul.o(x$fpl$dmul)
    _dmul                                    0x08005fb5   Thumb Code   332  dmul.o(x$fpl$dmul)
    __fpl_dnaninf                            0x08006109   Thumb Code   156  dnaninf.o(x$fpl$dnaninf)
    __fpl_dretinf                            0x080061a5   Thumb Code    12  dretinf.o(x$fpl$dretinf)
    __aeabi_drsub                            0x080061b1   Thumb Code     0  daddsub_clz.o(x$fpl$drsb)
    _drsb                                    0x080061b1   Thumb Code    22  daddsub_clz.o(x$fpl$drsb)
    _dsqrt                                   0x080061c9   Thumb Code   456  dsqrt_noumaal.o(x$fpl$dsqrt)
    __aeabi_dsub                             0x08006395   Thumb Code     0  daddsub_clz.o(x$fpl$dsub)
    _dsub                                    0x08006395   Thumb Code   464  daddsub_clz.o(x$fpl$dsub)
    __aeabi_f2d                              0x08006569   Thumb Code     0  f2d.o(x$fpl$f2d)
    _f2d                                     0x08006569   Thumb Code    86  f2d.o(x$fpl$f2d)
    __aeabi_fadd                             0x080065c1   Thumb Code     0  faddsub_clz.o(x$fpl$fadd)
    _fadd                                    0x080065c1   Thumb Code   196  faddsub_clz.o(x$fpl$fadd)
    __fpl_fcheck_NaN1                        0x08006685   Thumb Code     6  fcheck1.o(x$fpl$fcheck1)
    __aeabi_fdiv                             0x08006691   Thumb Code     0  fdiv.o(x$fpl$fdiv)
    _fdiv                                    0x08006691   Thumb Code   384  fdiv.o(x$fpl$fdiv)
    __aeabi_f2iz                             0x08006815   Thumb Code     0  ffix.o(x$fpl$ffix)
    _ffix                                    0x08006815   Thumb Code    54  ffix.o(x$fpl$ffix)
    __aeabi_f2uiz                            0x0800684d   Thumb Code     0  ffixu.o(x$fpl$ffixu)
    _ffixu                                   0x0800684d   Thumb Code    62  ffixu.o(x$fpl$ffixu)
    __aeabi_i2f                              0x0800688d   Thumb Code     0  fflt_clz.o(x$fpl$fflt)
    _fflt                                    0x0800688d   Thumb Code    48  fflt_clz.o(x$fpl$fflt)
    __aeabi_ui2f                             0x080068bd   Thumb Code     0  fflt_clz.o(x$fpl$ffltu)
    _ffltu                                   0x080068bd   Thumb Code    38  fflt_clz.o(x$fpl$ffltu)
    __aeabi_fmul                             0x080068e5   Thumb Code     0  fmul.o(x$fpl$fmul)
    _fmul                                    0x080068e5   Thumb Code   258  fmul.o(x$fpl$fmul)
    __fpl_fnaninf                            0x080069e7   Thumb Code   140  fnaninf.o(x$fpl$fnaninf)
    __fpl_fretinf                            0x08006a73   Thumb Code    10  fretinf.o(x$fpl$fretinf)
    __aeabi_fsub                             0x08006a7d   Thumb Code     0  faddsub_clz.o(x$fpl$fsub)
    _fsub                                    0x08006a7d   Thumb Code   234  faddsub_clz.o(x$fpl$fsub)
    __fpl_return_NaN                         0x08006b67   Thumb Code   100  retnan.o(x$fpl$retnan)
    __ARM_scalbn                             0x08006bcb   Thumb Code    92  scalbn.o(x$fpl$scalbn)
    __ARM_scalbnf                            0x08006c27   Thumb Code    76  scalbnf.o(x$fpl$scalbnf)
    __fpl_cmpreturn                          0x08006c73   Thumb Code    48  trapv.o(x$fpl$trapveneer)
    __I$use$fp                               0x08006ca2   Number         0  usenofp.o(x$fpl$usenofp)
    asc2_0806                                0x08006ca2   Data         552  oled.o(.constdata)
    asc2_1206                                0x08006eca   Data        1140  oled.o(.constdata)
    asc2_1608                                0x0800733e   Data        1520  oled.o(.constdata)
    asc2_2412                                0x0800792e   Data        3420  oled.o(.constdata)
    reg                                      0x0800868a   Data          27  inv_mpu.o(.constdata)
    hw                                       0x080086a6   Data          12  inv_mpu.o(.constdata)
    test                                     0x080086b4   Data          40  inv_mpu.o(.constdata)
    AHBPrescTable                            0x080092d2   Data          16  system_stm32f1xx.o(.constdata)
    APBPrescTable                            0x080092e2   Data           8  system_stm32f1xx.o(.constdata)
    __mathlib_zero                           0x080093d8   Data           8  qnan.o(.constdata)
    Region$$Table$$Base                      0x080093e0   Number         0  anon$$obj.o(Region$$Table)
    Region$$Table$$Limit                     0x08009400   Number         0  anon$$obj.o(Region$$Table)
    MPU6050_Data_OK                          0x20000038   Data           1  main.o(.data)
    uart_buf_bat                             0x20000039   Data           2  main.o(.data)
    uart_buf_v                               0x2000003b   Data           2  main.o(.data)
    uart_buf_imu                             0x2000003d   Data           3  main.o(.data)
    Row_list                                 0x20000040   Data           4  main.o(.data)
    pitch                                    0x20000044   Data           4  main.o(.data)
    roll                                     0x20000048   Data           4  main.o(.data)
    yaw                                      0x2000004c   Data           4  main.o(.data)
    ADC_ConvertedValue                       0x20000050   Data           8  main.o(.data)
    Row_A                                    0x20000058   Data          12  main.o(.data)
    Row_B                                    0x20000064   Data          12  main.o(.data)
    Row_C                                    0x20000070   Data          12  main.o(.data)
    Row_D                                    0x2000007c   Data          12  main.o(.data)
    Battery                                  0x20000088   Data           2  stm32f1xx_it.o(.data)
    uwTickFreq                               0x2000008c   Data           1  stm32f1xx_hal.o(.data)
    uwTickPrio                               0x20000090   Data           4  stm32f1xx_hal.o(.data)
    uwTick                                   0x20000094   Data           4  stm32f1xx_hal.o(.data)
    SystemCoreClock                          0x20000098   Data           4  system_stm32f1xx.o(.data)
    OLED_GRAM                                0x2000009c   Data        1016  oled.o(.bss)
    VoltageS                                 0x200004a4   Data          96  main.o(.bss)
    hadc1                                    0x20000504   Data          48  adc.o(.bss)
    hadc2                                    0x20000534   Data          48  adc.o(.bss)
    hdma_adc1                                0x20000564   Data          68  adc.o(.bss)
    hi2c2                                    0x200005a8   Data          84  i2c.o(.bss)
    htim1                                    0x200005fc   Data          72  tim.o(.bss)
    huart1                                   0x20000644   Data          68  usart.o(.bss)
    __libspace_start                         0x20000688   Data          96  libspace.o(.bss)
    __temporary_stack_top$libspace           0x200006e8   Data           0  libspace.o(.bss)



==============================================================================

Memory Map of the image

  Image Entry point : 0x080000ed

  Load Region LR_IROM1 (Base: 0x08000000, Size: 0x0000949c, Max: 0x00010000, ABSOLUTE)

    Execution Region ER_IROM1 (Exec base: 0x08000000, Load base: 0x08000000, Size: 0x00009400, Max: 0x00010000, ABSOLUTE)

    Exec Addr    Load Addr    Size         Type   Attr      Idx    E Section Name        Object

    0x08000000   0x08000000   0x000000ec   Data   RO            3    RESET               startup_stm32f103xb.o
    0x080000ec   0x080000ec   0x00000008   Code   RO         4386  * !!!main             c_w.l(__main.o)
    0x080000f4   0x080000f4   0x00000034   Code   RO         4702    !!!scatter          c_w.l(__scatter.o)
    0x08000128   0x08000128   0x0000001a   Code   RO         4704    !!handler_copy      c_w.l(__scatter_copy.o)
    0x08000142   0x08000142   0x00000002   PAD
    0x08000144   0x08000144   0x0000001c   Code   RO         4706    !!handler_zi        c_w.l(__scatter_zi.o)
    0x08000160   0x08000160   0x00000002   Code   RO         4567    .ARM.Collect$$libinit$$00000000  c_w.l(libinit.o)
    0x08000162   0x08000162   0x00000000   Code   RO         4577    .ARM.Collect$$libinit$$00000002  c_w.l(libinit2.o)
    0x08000162   0x08000162   0x00000000   Code   RO         4579    .ARM.Collect$$libinit$$00000004  c_w.l(libinit2.o)
    0x08000162   0x08000162   0x00000000   Code   RO         4582    .ARM.Collect$$libinit$$0000000A  c_w.l(libinit2.o)
    0x08000162   0x08000162   0x00000000   Code   RO         4584    .ARM.Collect$$libinit$$0000000C  c_w.l(libinit2.o)
    0x08000162   0x08000162   0x00000000   Code   RO         4586    .ARM.Collect$$libinit$$0000000E  c_w.l(libinit2.o)
    0x08000162   0x08000162   0x00000000   Code   RO         4589    .ARM.Collect$$libinit$$00000011  c_w.l(libinit2.o)
    0x08000162   0x08000162   0x00000000   Code   RO         4591    .ARM.Collect$$libinit$$00000013  c_w.l(libinit2.o)
    0x08000162   0x08000162   0x00000000   Code   RO         4593    .ARM.Collect$$libinit$$00000015  c_w.l(libinit2.o)
    0x08000162   0x08000162   0x00000000   Code   RO         4595    .ARM.Collect$$libinit$$00000017  c_w.l(libinit2.o)
    0x08000162   0x08000162   0x00000000   Code   RO         4597    .ARM.Collect$$libinit$$00000019  c_w.l(libinit2.o)
    0x08000162   0x08000162   0x00000000   Code   RO         4599    .ARM.Collect$$libinit$$0000001B  c_w.l(libinit2.o)
    0x08000162   0x08000162   0x00000000   Code   RO         4601    .ARM.Collect$$libinit$$0000001D  c_w.l(libinit2.o)
    0x08000162   0x08000162   0x00000000   Code   RO         4603    .ARM.Collect$$libinit$$0000001F  c_w.l(libinit2.o)
    0x08000162   0x08000162   0x00000000   Code   RO         4605    .ARM.Collect$$libinit$$00000021  c_w.l(libinit2.o)
    0x08000162   0x08000162   0x00000000   Code   RO         4607    .ARM.Collect$$libinit$$00000023  c_w.l(libinit2.o)
    0x08000162   0x08000162   0x00000000   Code   RO         4609    .ARM.Collect$$libinit$$00000025  c_w.l(libinit2.o)
    0x08000162   0x08000162   0x00000000   Code   RO         4613    .ARM.Collect$$libinit$$0000002C  c_w.l(libinit2.o)
    0x08000162   0x08000162   0x00000000   Code   RO         4615    .ARM.Collect$$libinit$$0000002E  c_w.l(libinit2.o)
    0x08000162   0x08000162   0x00000000   Code   RO         4617    .ARM.Collect$$libinit$$00000030  c_w.l(libinit2.o)
    0x08000162   0x08000162   0x00000000   Code   RO         4619    .ARM.Collect$$libinit$$00000032  c_w.l(libinit2.o)
    0x08000162   0x08000162   0x00000002   Code   RO         4620    .ARM.Collect$$libinit$$00000033  c_w.l(libinit2.o)
    0x08000164   0x08000164   0x00000002   Code   RO         4650    .ARM.Collect$$libshutdown$$00000000  c_w.l(libshutdown.o)
    0x08000166   0x08000166   0x00000000   Code   RO         4667    .ARM.Collect$$libshutdown$$00000002  c_w.l(libshutdown2.o)
    0x08000166   0x08000166   0x00000000   Code   RO         4669    .ARM.Collect$$libshutdown$$00000004  c_w.l(libshutdown2.o)
    0x08000166   0x08000166   0x00000000   Code   RO         4671    .ARM.Collect$$libshutdown$$00000006  c_w.l(libshutdown2.o)
    0x08000166   0x08000166   0x00000000   Code   RO         4674    .ARM.Collect$$libshutdown$$00000009  c_w.l(libshutdown2.o)
    0x08000166   0x08000166   0x00000000   Code   RO         4677    .ARM.Collect$$libshutdown$$0000000C  c_w.l(libshutdown2.o)
    0x08000166   0x08000166   0x00000000   Code   RO         4679    .ARM.Collect$$libshutdown$$0000000E  c_w.l(libshutdown2.o)
    0x08000166   0x08000166   0x00000000   Code   RO         4682    .ARM.Collect$$libshutdown$$00000011  c_w.l(libshutdown2.o)
    0x08000166   0x08000166   0x00000002   Code   RO         4683    .ARM.Collect$$libshutdown$$00000012  c_w.l(libshutdown2.o)
    0x08000168   0x08000168   0x00000000   Code   RO         4462    .ARM.Collect$$rtentry$$00000000  c_w.l(__rtentry.o)
    0x08000168   0x08000168   0x00000000   Code   RO         4522    .ARM.Collect$$rtentry$$00000002  c_w.l(__rtentry2.o)
    0x08000168   0x08000168   0x00000006   Code   RO         4534    .ARM.Collect$$rtentry$$00000004  c_w.l(__rtentry4.o)
    0x0800016e   0x0800016e   0x00000000   Code   RO         4524    .ARM.Collect$$rtentry$$00000009  c_w.l(__rtentry2.o)
    0x0800016e   0x0800016e   0x00000004   Code   RO         4525    .ARM.Collect$$rtentry$$0000000A  c_w.l(__rtentry2.o)
    0x08000172   0x08000172   0x00000000   Code   RO         4527    .ARM.Collect$$rtentry$$0000000C  c_w.l(__rtentry2.o)
    0x08000172   0x08000172   0x00000008   Code   RO         4528    .ARM.Collect$$rtentry$$0000000D  c_w.l(__rtentry2.o)
    0x0800017a   0x0800017a   0x00000002   Code   RO         4570    .ARM.Collect$$rtexit$$00000000  c_w.l(rtexit.o)
    0x0800017c   0x0800017c   0x00000000   Code   RO         4622    .ARM.Collect$$rtexit$$00000002  c_w.l(rtexit2.o)
    0x0800017c   0x0800017c   0x00000004   Code   RO         4623    .ARM.Collect$$rtexit$$00000003  c_w.l(rtexit2.o)
    0x08000180   0x08000180   0x00000006   Code   RO         4624    .ARM.Collect$$rtexit$$00000004  c_w.l(rtexit2.o)
    0x08000186   0x08000186   0x00000002   PAD
    0x08000188   0x08000188   0x00000040   Code   RO            4    .text               startup_stm32f103xb.o
    0x080001c8   0x080001c8   0x00000048   Code   RO         4376    .text               c_w.l(llsdiv.o)
    0x08000210   0x08000210   0x00000058   Code   RO         4378    .text               c_w.l(memcmp.o)
    0x08000268   0x08000268   0x00000010   Code   RO         4380    .text               c_w.l(aeabi_memset.o)
    0x08000278   0x08000278   0x0000004e   Code   RO         4382    .text               c_w.l(rt_memclr_w.o)
    0x080002c6   0x080002c6   0x00000006   Code   RO         4384    .text               c_w.l(heapauxi.o)
    0x080002cc   0x080002cc   0x000000ee   Code   RO         4463    .text               c_w.l(lludivv7m.o)
    0x080003ba   0x080003ba   0x00000016   Code   RO         4465    .text               c_w.l(_rserrno.o)
    0x080003d0   0x080003d0   0x00000044   Code   RO         4467    .text               c_w.l(rt_memclr.o)
    0x08000414   0x08000414   0x00000008   Code   RO         4543    .text               c_w.l(rt_errno_addr_intlibspace.o)
    0x0800041c   0x0800041c   0x00000008   Code   RO         4553    .text               c_w.l(libspace.o)
    0x08000424   0x08000424   0x0000004a   Code   RO         4556    .text               c_w.l(sys_stackheap_outer.o)
    0x0800046e   0x0800046e   0x00000012   Code   RO         4560    .text               c_w.l(exit.o)
    0x08000480   0x08000480   0x0000000c   Code   RO         4638    .text               c_w.l(sys_exit.o)
    0x0800048c   0x0800048c   0x00000002   Code   RO         4655    .text               c_w.l(use_no_semi.o)
    0x0800048e   0x0800048e   0x00000000   Code   RO         4657    .text               c_w.l(indicate_semi.o)
    0x0800048e   0x0800048e   0x00000002   PAD
    0x08000490   0x08000490   0x00000056   Code   RO         1324    i.ADC_ConversionStop_Disable  stm32f1xx_hal_adc.o
    0x080004e6   0x080004e6   0x0000004e   Code   RO         1325    i.ADC_DMAConvCplt   stm32f1xx_hal_adc.o
    0x08000534   0x08000534   0x0000001a   Code   RO         1326    i.ADC_DMAError      stm32f1xx_hal_adc.o
    0x0800054e   0x0800054e   0x0000000a   Code   RO         1327    i.ADC_DMAHalfConvCplt  stm32f1xx_hal_adc.o
    0x08000558   0x08000558   0x0000007c   Code   RO         1328    i.ADC_Enable        stm32f1xx_hal_adc.o
    0x080005d4   0x080005d4   0x00000002   Code   RO         1173    i.BusFault_Handler  stm32f1xx_it.o
    0x080005d6   0x080005d6   0x00000002   PAD
    0x080005d8   0x080005d8   0x0000000c   Code   RO         1174    i.DMA1_Channel1_IRQHandler  stm32f1xx_it.o
    0x080005e4   0x080005e4   0x000000d8   Code   RO          863    i.DMA_Adc_collect   main.o
    0x080006bc   0x080006bc   0x0000002a   Code   RO         1978    i.DMA_SetConfig     stm32f1xx_hal_dma.o
    0x080006e6   0x080006e6   0x00000002   PAD
    0x080006e8   0x080006e8   0x00000070   Code   RO          864    i.Data_upload       main.o
    0x08000758   0x08000758   0x00000002   Code   RO         1175    i.DebugMon_Handler  stm32f1xx_it.o
    0x0800075a   0x0800075a   0x00000004   Code   RO          865    i.Error_Handler     main.o
    0x0800075e   0x0800075e   0x00000002   PAD
    0x08000760   0x08000760   0x000000d8   Code   RO         1504    i.HAL_ADCEx_Calibration_Start  stm32f1xx_hal_adc_ex.o
    0x08000838   0x08000838   0x000000fc   Code   RO         1330    i.HAL_ADC_ConfigChannel  stm32f1xx_hal_adc.o
    0x08000934   0x08000934   0x00000002   Code   RO         1331    i.HAL_ADC_ConvCpltCallback  stm32f1xx_hal_adc.o
    0x08000936   0x08000936   0x00000002   Code   RO         1332    i.HAL_ADC_ConvHalfCpltCallback  stm32f1xx_hal_adc.o
    0x08000938   0x08000938   0x00000002   Code   RO         1334    i.HAL_ADC_ErrorCallback  stm32f1xx_hal_adc.o
    0x0800093a   0x0800093a   0x00000004   Code   RO         1336    i.HAL_ADC_GetState  stm32f1xx_hal_adc.o
    0x0800093e   0x0800093e   0x00000006   Code   RO         1337    i.HAL_ADC_GetValue  stm32f1xx_hal_adc.o
    0x08000944   0x08000944   0x0000011c   Code   RO         1339    i.HAL_ADC_Init      stm32f1xx_hal_adc.o
    0x08000a60   0x08000a60   0x000000d0   Code   RO          976    i.HAL_ADC_MspInit   adc.o
    0x08000b30   0x08000b30   0x0000013c   Code   RO         1343    i.HAL_ADC_PollForConversion  stm32f1xx_hal_adc.o
    0x08000c6c   0x08000c6c   0x000000c0   Code   RO         1345    i.HAL_ADC_Start     stm32f1xx_hal_adc.o
    0x08000d2c   0x08000d2c   0x0000010c   Code   RO         1346    i.HAL_ADC_Start_DMA  stm32f1xx_hal_adc.o
    0x08000e38   0x08000e38   0x00000154   Code   RO         1984    i.HAL_DMA_IRQHandler  stm32f1xx_hal_dma.o
    0x08000f8c   0x08000f8c   0x0000005c   Code   RO         1985    i.HAL_DMA_Init      stm32f1xx_hal_dma.o
    0x08000fe8   0x08000fe8   0x00000070   Code   RO         1989    i.HAL_DMA_Start_IT  stm32f1xx_hal_dma.o
    0x08001058   0x08001058   0x00000024   Code   RO         1607    i.HAL_Delay         stm32f1xx_hal.o
    0x0800107c   0x0800107c   0x000001e0   Code   RO         1915    i.HAL_GPIO_Init     stm32f1xx_hal_gpio.o
    0x0800125c   0x0800125c   0x00000010   Code   RO         1918    i.HAL_GPIO_TogglePin  stm32f1xx_hal_gpio.o
    0x0800126c   0x0800126c   0x0000000a   Code   RO         1919    i.HAL_GPIO_WritePin  stm32f1xx_hal_gpio.o
    0x08001276   0x08001276   0x00000002   PAD
    0x08001278   0x08001278   0x0000000c   Code   RO         1611    i.HAL_GetTick       stm32f1xx_hal.o
    0x08001284   0x08001284   0x00000188   Code   RO         2586    i.HAL_I2C_Init      stm32f1xx_hal_i2c.o
    0x0800140c   0x0800140c   0x00000250   Code   RO         2604    i.HAL_I2C_Mem_Read  stm32f1xx_hal_i2c.o
    0x0800165c   0x0800165c   0x00000130   Code   RO         2607    i.HAL_I2C_Mem_Write  stm32f1xx_hal_i2c.o
    0x0800178c   0x0800178c   0x00000060   Code   RO         1048    i.HAL_I2C_MspInit   i2c.o
    0x080017ec   0x080017ec   0x00000010   Code   RO         1617    i.HAL_IncTick       stm32f1xx_hal.o
    0x080017fc   0x080017fc   0x00000024   Code   RO         1618    i.HAL_Init          stm32f1xx_hal.o
    0x08001820   0x08001820   0x00000040   Code   RO         1619    i.HAL_InitTick      stm32f1xx_hal.o
    0x08001860   0x08001860   0x0000003c   Code   RO         1264    i.HAL_MspInit       stm32f1xx_hal_msp.o
    0x0800189c   0x0800189c   0x0000001a   Code   RO         2075    i.HAL_NVIC_EnableIRQ  stm32f1xx_hal_cortex.o
    0x080018b6   0x080018b6   0x00000002   PAD
    0x080018b8   0x080018b8   0x00000040   Code   RO         2081    i.HAL_NVIC_SetPriority  stm32f1xx_hal_cortex.o
    0x080018f8   0x080018f8   0x00000024   Code   RO         2082    i.HAL_NVIC_SetPriorityGrouping  stm32f1xx_hal_cortex.o
    0x0800191c   0x0800191c   0x000000c8   Code   RO         1877    i.HAL_RCCEx_GetPeriphCLKFreq  stm32f1xx_hal_rcc_ex.o
    0x080019e4   0x080019e4   0x000000ec   Code   RO         1878    i.HAL_RCCEx_PeriphCLKConfig  stm32f1xx_hal_rcc_ex.o
    0x08001ad0   0x08001ad0   0x0000012c   Code   RO         1775    i.HAL_RCC_ClockConfig  stm32f1xx_hal_rcc.o
    0x08001bfc   0x08001bfc   0x0000000c   Code   RO         1780    i.HAL_RCC_GetHCLKFreq  stm32f1xx_hal_rcc.o
    0x08001c08   0x08001c08   0x00000020   Code   RO         1782    i.HAL_RCC_GetPCLK1Freq  stm32f1xx_hal_rcc.o
    0x08001c28   0x08001c28   0x00000020   Code   RO         1783    i.HAL_RCC_GetPCLK2Freq  stm32f1xx_hal_rcc.o
    0x08001c48   0x08001c48   0x0000006c   Code   RO         1784    i.HAL_RCC_GetSysClockFreq  stm32f1xx_hal_rcc.o
    0x08001cb4   0x08001cb4   0x00000320   Code   RO         1787    i.HAL_RCC_OscConfig  stm32f1xx_hal_rcc.o
    0x08001fd4   0x08001fd4   0x00000028   Code   RO         2086    i.HAL_SYSTICK_Config  stm32f1xx_hal_cortex.o
    0x08001ffc   0x08001ffc   0x00000002   Code   RO         3713    i.HAL_TIMEx_BreakCallback  stm32f1xx_hal_tim_ex.o
    0x08001ffe   0x08001ffe   0x00000002   Code   RO         3714    i.HAL_TIMEx_CommutCallback  stm32f1xx_hal_tim_ex.o
    0x08002000   0x08002000   0x00000068   Code   RO         3732    i.HAL_TIMEx_MasterConfigSynchronization  stm32f1xx_hal_tim_ex.o
    0x08002068   0x08002068   0x0000005a   Code   RO         3009    i.HAL_TIM_Base_Init  stm32f1xx_hal_tim.o
    0x080020c2   0x080020c2   0x00000002   PAD
    0x080020c4   0x080020c4   0x0000003c   Code   RO         1090    i.HAL_TIM_Base_MspInit  tim.o
    0x08002100   0x08002100   0x00000058   Code   RO         3014    i.HAL_TIM_Base_Start_IT  stm32f1xx_hal_tim.o
    0x08002158   0x08002158   0x000000d6   Code   RO         3018    i.HAL_TIM_ConfigClockSource  stm32f1xx_hal_tim.o
    0x0800222e   0x0800222e   0x00000002   Code   RO         3043    i.HAL_TIM_IC_CaptureCallback  stm32f1xx_hal_tim.o
    0x08002230   0x08002230   0x00000166   Code   RO         3057    i.HAL_TIM_IRQHandler  stm32f1xx_hal_tim.o
    0x08002396   0x08002396   0x00000002   Code   RO         3060    i.HAL_TIM_OC_DelayElapsedCallback  stm32f1xx_hal_tim.o
    0x08002398   0x08002398   0x00000002   Code   RO         3087    i.HAL_TIM_PWM_PulseFinishedCallback  stm32f1xx_hal_tim.o
    0x0800239a   0x0800239a   0x00000002   Code   RO         3095    i.HAL_TIM_PeriodElapsedCallback  stm32f1xx_hal_tim.o
    0x0800239c   0x0800239c   0x00000002   Code   RO         3100    i.HAL_TIM_TriggerCallback  stm32f1xx_hal_tim.o
    0x0800239e   0x0800239e   0x00000062   Code   RO         4009    i.HAL_UART_Init     stm32f1xx_hal_uart.o
    0x08002400   0x08002400   0x00000070   Code   RO         1132    i.HAL_UART_MspInit  usart.o
    0x08002470   0x08002470   0x000000b2   Code   RO         4017    i.HAL_UART_Transmit  stm32f1xx_hal_uart.o
    0x08002522   0x08002522   0x00000002   Code   RO         1176    i.HardFault_Handler  stm32f1xx_it.o
    0x08002524   0x08002524   0x0000002e   Code   RO         2628    i.I2C_IsAcknowledgeFailed  stm32f1xx_hal_i2c.o
    0x08002552   0x08002552   0x00000002   PAD
    0x08002554   0x08002554   0x000000fc   Code   RO         2638    i.I2C_RequestMemoryRead  stm32f1xx_hal_i2c.o
    0x08002650   0x08002650   0x000000a8   Code   RO         2639    i.I2C_RequestMemoryWrite  stm32f1xx_hal_i2c.o
    0x080026f8   0x080026f8   0x0000004c   Code   RO         2643    i.I2C_WaitOnBTFFlagUntilTimeout  stm32f1xx_hal_i2c.o
    0x08002744   0x08002744   0x00000068   Code   RO         2644    i.I2C_WaitOnFlagUntilTimeout  stm32f1xx_hal_i2c.o
    0x080027ac   0x080027ac   0x00000096   Code   RO         2645    i.I2C_WaitOnMasterAddressFlagUntilTimeout  stm32f1xx_hal_i2c.o
    0x08002842   0x08002842   0x00000066   Code   RO         2646    i.I2C_WaitOnRXNEFlagUntilTimeout  stm32f1xx_hal_i2c.o
    0x080028a8   0x080028a8   0x0000004c   Code   RO         2647    i.I2C_WaitOnTXEFlagUntilTimeout  stm32f1xx_hal_i2c.o
    0x080028f4   0x080028f4   0x00000040   Code   RO          866    i.MPU6050_Get_Data  main.o
    0x08002934   0x08002934   0x00000084   Code   RO          222    i.MPU_Init          mpu6050.o
    0x080029b8   0x080029b8   0x0000002c   Code   RO          223    i.MPU_Read_Byte     mpu6050.o
    0x080029e4   0x080029e4   0x00000020   Code   RO          224    i.MPU_Read_Len      mpu6050.o
    0x08002a04   0x08002a04   0x0000000a   Code   RO          225    i.MPU_Set_Accel_Fsr  mpu6050.o
    0x08002a0e   0x08002a0e   0x0000000a   Code   RO          226    i.MPU_Set_Gyro_Fsr  mpu6050.o
    0x08002a18   0x08002a18   0x00000030   Code   RO          227    i.MPU_Set_LPF       mpu6050.o
    0x08002a48   0x08002a48   0x0000002e   Code   RO          228    i.MPU_Set_Rate      mpu6050.o
    0x08002a76   0x08002a76   0x00000002   PAD
    0x08002a78   0x08002a78   0x00000028   Code   RO          229    i.MPU_Write_Byte    mpu6050.o
    0x08002aa0   0x08002aa0   0x00000020   Code   RO          230    i.MPU_Write_Len     mpu6050.o
    0x08002ac0   0x08002ac0   0x0000008c   Code   RO          977    i.MX_ADC1_Init      adc.o
    0x08002b4c   0x08002b4c   0x00000050   Code   RO          978    i.MX_ADC2_Init      adc.o
    0x08002b9c   0x08002b9c   0x0000002c   Code   RO         1023    i.MX_DMA_Init       dma.o
    0x08002bc8   0x08002bc8   0x000000a8   Code   RO          951    i.MX_GPIO_Init      gpio.o
    0x08002c70   0x08002c70   0x00000040   Code   RO         1049    i.MX_I2C2_Init      i2c.o
    0x08002cb0   0x08002cb0   0x0000006c   Code   RO         1091    i.MX_TIM1_Init      tim.o
    0x08002d1c   0x08002d1c   0x00000038   Code   RO         1133    i.MX_USART1_UART_Init  usart.o
    0x08002d54   0x08002d54   0x00000002   Code   RO         1177    i.MemManage_Handler  stm32f1xx_it.o
    0x08002d56   0x08002d56   0x00000002   Code   RO         1178    i.NMI_Handler       stm32f1xx_it.o
    0x08002d58   0x08002d58   0x0000002c   Code   RO           13    i.OLED_Clear        oled.o
    0x08002d84   0x08002d84   0x00000018   Code   RO           14    i.OLED_ColorTurn    oled.o
    0x08002d9c   0x08002d9c   0x0000002c   Code   RO           15    i.OLED_DisplayTurn  oled.o
    0x08002dc8   0x08002dc8   0x0000002c   Code   RO           18    i.OLED_DrawPoint    oled.o
    0x08002df4   0x08002df4   0x0000010c   Code   RO           19    i.OLED_Init         oled.o
    0x08002f00   0x08002f00   0x00000010   Code   RO           20    i.OLED_Pow          oled.o
    0x08002f10   0x08002f10   0x0000004c   Code   RO           21    i.OLED_Refresh      oled.o
    0x08002f5c   0x08002f5c   0x000000e0   Code   RO          867    i.OLED_Show         main.o
    0x0800303c   0x0800303c   0x000000e4   Code   RO           22    i.OLED_ShowChar     oled.o
    0x08003120   0x08003120   0x0000006e   Code   RO           23    i.OLED_ShowNum      oled.o
    0x0800318e   0x0800318e   0x0000003c   Code   RO           24    i.OLED_ShowString   oled.o
    0x080031ca   0x080031ca   0x00000002   PAD
    0x080031cc   0x080031cc   0x00000070   Code   RO           25    i.OLED_WR_Byte      oled.o
    0x0800323c   0x0800323c   0x00000002   Code   RO         1179    i.PendSV_Handler    stm32f1xx_it.o
    0x0800323e   0x0800323e   0x00000002   Code   RO         1180    i.SVC_Handler       stm32f1xx_it.o
    0x08003240   0x08003240   0x00000004   Code   RO         1181    i.SysTick_Handler   stm32f1xx_it.o
    0x08003244   0x08003244   0x00000078   Code   RO          868    i.SystemClock_Config  main.o
    0x080032bc   0x080032bc   0x00000002   Code   RO         4338    i.SystemInit        system_stm32f1xx.o
    0x080032be   0x080032be   0x00000002   PAD
    0x080032c0   0x080032c0   0x00000070   Code   RO         1182    i.TIM1_UP_IRQHandler  stm32f1xx_it.o
    0x08003330   0x08003330   0x0000006c   Code   RO         3102    i.TIM_Base_SetConfig  stm32f1xx_hal_tim.o
    0x0800339c   0x0800339c   0x00000014   Code   RO         3113    i.TIM_ETR_SetConfig  stm32f1xx_hal_tim.o
    0x080033b0   0x080033b0   0x00000010   Code   RO         3114    i.TIM_ITRx_SetConfig  stm32f1xx_hal_tim.o
    0x080033c0   0x080033c0   0x00000022   Code   RO         3120    i.TIM_TI1_ConfigInputStage  stm32f1xx_hal_tim.o
    0x080033e2   0x080033e2   0x00000024   Code   RO         3122    i.TIM_TI2_ConfigInputStage  stm32f1xx_hal_tim.o
    0x08003406   0x08003406   0x00000002   PAD
    0x08003408   0x08003408   0x000000b8   Code   RO         4035    i.UART_SetConfig    stm32f1xx_hal_uart.o
    0x080034c0   0x080034c0   0x00000064   Code   RO         4038    i.UART_WaitOnFlagUntilTimeout  stm32f1xx_hal_uart.o
    0x08003524   0x08003524   0x00000002   Code   RO         1183    i.UsageFault_Handler  stm32f1xx_it.o
    0x08003526   0x08003526   0x00000028   Code   RO         4508    i.__ARM_fpclassify  m_ws.l(fpclassify.o)
    0x0800354e   0x0800354e   0x00000020   Code   RO         2088    i.__NVIC_SetPriority  stm32f1xx_hal_cortex.o
    0x0800356e   0x0800356e   0x000000aa   Code   RO         4510    i.__kernel_poly     m_ws.l(poly.o)
    0x08003618   0x08003618   0x00000006   Code   RO         4495    i.__mathlib_dbl_infnan  m_ws.l(dunder.o)
    0x0800361e   0x0800361e   0x00000004   Code   RO         4496    i.__mathlib_dbl_infnan2  m_ws.l(dunder.o)
    0x08003622   0x08003622   0x0000000c   Code   RO         4497    i.__mathlib_dbl_invalid  m_ws.l(dunder.o)
    0x0800362e   0x0800362e   0x00000002   PAD
    0x08003630   0x08003630   0x00000010   Code   RO         4500    i.__mathlib_dbl_underflow  m_ws.l(dunder.o)
    0x08003640   0x08003640   0x00000080   Code   RO          323    i.accel_self_test   inv_mpu.o
    0x080036c0   0x080036c0   0x00000270   Code   RO         4445    i.asin              m_ws.l(asin.o)
    0x08003930   0x08003930   0x00000220   Code   RO         4485    i.atan              m_ws.l(atan.o)
    0x08003b50   0x08003b50   0x0000019c   Code   RO         4455    i.atan2             m_ws.l(atan2.o)
    0x08003cec   0x08003cec   0x0000001c   Code   RO          869    i.delay_us          main.o
    0x08003d08   0x08003d08   0x0000003a   Code   RO          664    i.dmp_enable_6x_lp_quat  inv_mpu_dmp_motion_driver.o
    0x08003d42   0x08003d42   0x00000002   PAD
    0x08003d44   0x08003d44   0x000001d8   Code   RO          665    i.dmp_enable_feature  inv_mpu_dmp_motion_driver.o
    0x08003f1c   0x08003f1c   0x0000003c   Code   RO          666    i.dmp_enable_gyro_cal  inv_mpu_dmp_motion_driver.o
    0x08003f58   0x08003f58   0x0000003a   Code   RO          667    i.dmp_enable_lp_quat  inv_mpu_dmp_motion_driver.o
    0x08003f92   0x08003f92   0x00000002   PAD
    0x08003f94   0x08003f94   0x00000014   Code   RO          672    i.dmp_load_motion_driver_firmware  inv_mpu_dmp_motion_driver.o
    0x08003fa8   0x08003fa8   0x00000164   Code   RO          673    i.dmp_read_fifo     inv_mpu_dmp_motion_driver.o
    0x0800410c   0x0800410c   0x000000d8   Code   RO          676    i.dmp_set_accel_bias  inv_mpu_dmp_motion_driver.o
    0x080041e4   0x080041e4   0x00000064   Code   RO          677    i.dmp_set_fifo_rate  inv_mpu_dmp_motion_driver.o
    0x08004248   0x08004248   0x000000cc   Code   RO          678    i.dmp_set_gyro_bias  inv_mpu_dmp_motion_driver.o
    0x08004314   0x08004314   0x0000010c   Code   RO          680    i.dmp_set_orientation  inv_mpu_dmp_motion_driver.o
    0x08004420   0x08004420   0x00000030   Code   RO          683    i.dmp_set_shake_reject_thresh  inv_mpu_dmp_motion_driver.o
    0x08004450   0x08004450   0x00000020   Code   RO          684    i.dmp_set_shake_reject_time  inv_mpu_dmp_motion_driver.o
    0x08004470   0x08004470   0x00000020   Code   RO          685    i.dmp_set_shake_reject_timeout  inv_mpu_dmp_motion_driver.o
    0x08004490   0x08004490   0x00000040   Code   RO          686    i.dmp_set_tap_axes  inv_mpu_dmp_motion_driver.o
    0x080044d0   0x080044d0   0x00000022   Code   RO          687    i.dmp_set_tap_count  inv_mpu_dmp_motion_driver.o
    0x080044f2   0x080044f2   0x00000002   PAD
    0x080044f4   0x080044f4   0x00000128   Code   RO          688    i.dmp_set_tap_thresh  inv_mpu_dmp_motion_driver.o
    0x0800461c   0x0800461c   0x00000020   Code   RO          689    i.dmp_set_tap_time  inv_mpu_dmp_motion_driver.o
    0x0800463c   0x0800463c   0x00000020   Code   RO          690    i.dmp_set_tap_time_multi  inv_mpu_dmp_motion_driver.o
    0x0800465c   0x0800465c   0x000000a0   Code   RO          324    i.get_accel_prod_shift  inv_mpu.o
    0x080046fc   0x080046fc   0x000002d8   Code   RO          325    i.get_st_biases     inv_mpu.o
    0x080049d4   0x080049d4   0x000000c8   Code   RO          326    i.gyro_self_test    inv_mpu.o
    0x08004a9c   0x08004a9c   0x00000022   Code   RO          327    i.inv_orientation_matrix_to_scalar  inv_mpu.o
    0x08004abe   0x08004abe   0x00000048   Code   RO          328    i.inv_row_2_scale   inv_mpu.o
    0x08004b06   0x08004b06   0x00000002   PAD
    0x08004b08   0x08004b08   0x0000008c   Code   RO          870    i.main              main.o
    0x08004b94   0x08004b94   0x00000002   Code   RO          329    i.mget_ms           inv_mpu.o
    0x08004b96   0x08004b96   0x00000002   PAD
    0x08004b98   0x08004b98   0x00000054   Code   RO          330    i.mpu_configure_fifo  inv_mpu.o
    0x08004bec   0x08004bec   0x0000019c   Code   RO          331    i.mpu_dmp_get_data  inv_mpu.o
    0x08004d88   0x08004d88   0x000000a8   Code   RO          332    i.mpu_dmp_init      inv_mpu.o
    0x08004e30   0x08004e30   0x0000003c   Code   RO          333    i.mpu_get_accel_fsr  inv_mpu.o
    0x08004e6c   0x08004e6c   0x00000044   Code   RO          335    i.mpu_get_accel_sens  inv_mpu.o
    0x08004eb0   0x08004eb0   0x00000034   Code   RO          341    i.mpu_get_gyro_fsr  inv_mpu.o
    0x08004ee4   0x08004ee4   0x00000040   Code   RO          343    i.mpu_get_gyro_sens  inv_mpu.o
    0x08004f24   0x08004f24   0x00000038   Code   RO          345    i.mpu_get_lpf       inv_mpu.o
    0x08004f5c   0x08004f5c   0x0000001c   Code   RO          347    i.mpu_get_sample_rate  inv_mpu.o
    0x08004f78   0x08004f78   0x00000114   Code   RO          349    i.mpu_init          inv_mpu.o
    0x0800508c   0x0800508c   0x00000098   Code   RO          350    i.mpu_load_firmware  inv_mpu.o
    0x08005124   0x08005124   0x000000b0   Code   RO          351    i.mpu_lp_accel_mode  inv_mpu.o
    0x080051d4   0x080051d4   0x00000088   Code   RO          354    i.mpu_read_fifo_stream  inv_mpu.o
    0x0800525c   0x0800525c   0x00000050   Code   RO          355    i.mpu_read_mem      inv_mpu.o
    0x080052ac   0x080052ac   0x0000012c   Code   RO          358    i.mpu_reset_fifo    inv_mpu.o
    0x080053d8   0x080053d8   0x000000f0   Code   RO          359    i.mpu_run_self_test  inv_mpu.o
    0x080054c8   0x080054c8   0x00000064   Code   RO          361    i.mpu_set_accel_fsr  inv_mpu.o
    0x0800552c   0x0800552c   0x000000c8   Code   RO          362    i.mpu_set_bypass    inv_mpu.o
    0x080055f4   0x080055f4   0x00000070   Code   RO          364    i.mpu_set_dmp_state  inv_mpu.o
    0x08005664   0x08005664   0x00000068   Code   RO          365    i.mpu_set_gyro_fsr  inv_mpu.o
    0x080056cc   0x080056cc   0x00000060   Code   RO          366    i.mpu_set_int_latched  inv_mpu.o
    0x0800572c   0x0800572c   0x00000068   Code   RO          368    i.mpu_set_lpf       inv_mpu.o
    0x08005794   0x08005794   0x0000007c   Code   RO          369    i.mpu_set_sample_rate  inv_mpu.o
    0x08005810   0x08005810   0x000000b0   Code   RO          370    i.mpu_set_sensors   inv_mpu.o
    0x080058c0   0x080058c0   0x00000050   Code   RO          371    i.mpu_write_mem     inv_mpu.o
    0x08005910   0x08005910   0x00000080   Code   RO          372    i.run_self_test     inv_mpu.o
    0x08005990   0x08005990   0x00000054   Code   RO          373    i.set_int_enable    inv_mpu.o
    0x080059e4   0x080059e4   0x0000004c   Code   RO         4514    i.sqrt              m_ws.l(sqrt.o)
    0x08005a30   0x08005a30   0x00000062   Code   RO         4388    x$fpl$d2f           fz_ws.l(d2f.o)
    0x08005a92   0x08005a92   0x00000002   PAD
    0x08005a94   0x08005a94   0x00000150   Code   RO         4390    x$fpl$dadd          fz_ws.l(daddsub_clz.o)
    0x08005be4   0x08005be4   0x00000010   Code   RO         4469    x$fpl$dcheck1       fz_ws.l(dcheck1.o)
    0x08005bf4   0x08005bf4   0x00000018   Code   RO         4545    x$fpl$dcmpinf       fz_ws.l(dcmpi.o)
    0x08005c0c   0x08005c0c   0x000002b0   Code   RO         4397    x$fpl$ddiv          fz_ws.l(ddiv.o)
    0x08005ebc   0x08005ebc   0x00000078   Code   RO         4471    x$fpl$deqf          fz_ws.l(deqf.o)
    0x08005f34   0x08005f34   0x0000005a   Code   RO         4400    x$fpl$dfixu         fz_ws.l(dfixu.o)
    0x08005f8e   0x08005f8e   0x00000026   Code   RO         4404    x$fpl$dfltu         fz_ws.l(dflt_clz.o)
    0x08005fb4   0x08005fb4   0x00000154   Code   RO         4410    x$fpl$dmul          fz_ws.l(dmul.o)
    0x08006108   0x08006108   0x0000009c   Code   RO         4473    x$fpl$dnaninf       fz_ws.l(dnaninf.o)
    0x080061a4   0x080061a4   0x0000000c   Code   RO         4475    x$fpl$dretinf       fz_ws.l(dretinf.o)
    0x080061b0   0x080061b0   0x00000016   Code   RO         4391    x$fpl$drsb          fz_ws.l(daddsub_clz.o)
    0x080061c6   0x080061c6   0x00000002   PAD
    0x080061c8   0x080061c8   0x000001cc   Code   RO         4549    x$fpl$dsqrt         fz_ws.l(dsqrt_noumaal.o)
    0x08006394   0x08006394   0x000001d4   Code   RO         4392    x$fpl$dsub          fz_ws.l(daddsub_clz.o)
    0x08006568   0x08006568   0x00000056   Code   RO         4412    x$fpl$f2d           fz_ws.l(f2d.o)
    0x080065be   0x080065be   0x00000002   PAD
    0x080065c0   0x080065c0   0x000000c4   Code   RO         4414    x$fpl$fadd          fz_ws.l(faddsub_clz.o)
    0x08006684   0x08006684   0x0000000c   Code   RO         4477    x$fpl$fcheck1       fz_ws.l(fcheck1.o)
    0x08006690   0x08006690   0x00000184   Code   RO         4421    x$fpl$fdiv          fz_ws.l(fdiv.o)
    0x08006814   0x08006814   0x00000036   Code   RO         4424    x$fpl$ffix          fz_ws.l(ffix.o)
    0x0800684a   0x0800684a   0x00000002   PAD
    0x0800684c   0x0800684c   0x0000003e   Code   RO         4428    x$fpl$ffixu         fz_ws.l(ffixu.o)
    0x0800688a   0x0800688a   0x00000002   PAD
    0x0800688c   0x0800688c   0x00000030   Code   RO         4433    x$fpl$fflt          fz_ws.l(fflt_clz.o)
    0x080068bc   0x080068bc   0x00000026   Code   RO         4432    x$fpl$ffltu         fz_ws.l(fflt_clz.o)
    0x080068e2   0x080068e2   0x00000002   PAD
    0x080068e4   0x080068e4   0x00000102   Code   RO         4438    x$fpl$fmul          fz_ws.l(fmul.o)
    0x080069e6   0x080069e6   0x0000008c   Code   RO         4479    x$fpl$fnaninf       fz_ws.l(fnaninf.o)
    0x08006a72   0x08006a72   0x0000000a   Code   RO         4481    x$fpl$fretinf       fz_ws.l(fretinf.o)
    0x08006a7c   0x08006a7c   0x000000ea   Code   RO         4416    x$fpl$fsub          fz_ws.l(faddsub_clz.o)
    0x08006b66   0x08006b66   0x00000064   Code   RO         4551    x$fpl$retnan        fz_ws.l(retnan.o)
    0x08006bca   0x08006bca   0x0000005c   Code   RO         4440    x$fpl$scalbn        fz_ws.l(scalbn.o)
    0x08006c26   0x08006c26   0x0000004c   Code   RO         4442    x$fpl$scalbnf       fz_ws.l(scalbnf.o)
    0x08006c72   0x08006c72   0x00000030   Code   RO         4568    x$fpl$trapveneer    fz_ws.l(trapv.o)
    0x08006ca2   0x08006ca2   0x00000000   Code   RO         4483    x$fpl$usenofp       fz_ws.l(usenofp.o)
    0x08006ca2   0x08006ca2   0x000019e8   Data   RO           27    .constdata          oled.o
    0x0800868a   0x0800868a   0x0000001b   Data   RO          375    .constdata          inv_mpu.o
    0x080086a5   0x080086a5   0x00000001   PAD
    0x080086a6   0x080086a6   0x0000000c   Data   RO          376    .constdata          inv_mpu.o
    0x080086b2   0x080086b2   0x00000002   PAD
    0x080086b4   0x080086b4   0x00000028   Data   RO          377    .constdata          inv_mpu.o
    0x080086dc   0x080086dc   0x00000bf6   Data   RO          692    .constdata          inv_mpu_dmp_motion_driver.o
    0x080092d2   0x080092d2   0x00000010   Data   RO         4339    .constdata          system_stm32f1xx.o
    0x080092e2   0x080092e2   0x00000008   Data   RO         4340    .constdata          system_stm32f1xx.o
    0x080092ea   0x080092ea   0x00000006   PAD
    0x080092f0   0x080092f0   0x00000050   Data   RO         4446    .constdata          m_ws.l(asin.o)
    0x08009340   0x08009340   0x00000098   Data   RO         4486    .constdata          m_ws.l(atan.o)
    0x080093d8   0x080093d8   0x00000008   Data   RO         4512    .constdata          m_ws.l(qnan.o)
    0x080093e0   0x080093e0   0x00000020   Data   RO         4700    Region$$Table       anon$$obj.o


    Execution Region RW_IRAM1 (Exec base: 0x20000000, Load base: 0x08009400, Size: 0x00000ce8, Max: 0x00005000, ABSOLUTE)

    Exec Addr    Load Addr    Size         Type   Attr      Idx    E Section Name        Object

    0x20000000   0x08009400   0x00000035   Data   RW          378    .data               inv_mpu.o
    0x20000035   0x08009435   0x00000003   PAD
    0x20000038   0x08009438   0x00000050   Data   RW          872    .data               main.o
    0x20000088   0x08009488   0x00000002   Data   RW         1184    .data               stm32f1xx_it.o
    0x2000008a   0x0800948a   0x00000002   PAD
    0x2000008c   0x0800948c   0x0000000c   Data   RW         1625    .data               stm32f1xx_hal.o
    0x20000098   0x08009498   0x00000004   Data   RW         4341    .data               system_stm32f1xx.o
    0x2000009c        -       0x000003f8   Zero   RW           26    .bss                oled.o
    0x20000494        -       0x00000010   Zero   RW          691    .bss                inv_mpu_dmp_motion_driver.o
    0x200004a4        -       0x00000060   Zero   RW          871    .bss                main.o
    0x20000504        -       0x000000a4   Zero   RW          979    .bss                adc.o
    0x200005a8        -       0x00000054   Zero   RW         1050    .bss                i2c.o
    0x200005fc        -       0x00000048   Zero   RW         1092    .bss                tim.o
    0x20000644        -       0x00000044   Zero   RW         1134    .bss                usart.o
    0x20000688        -       0x00000060   Zero   RW         4554    .bss                c_w.l(libspace.o)
    0x200006e8        -       0x00000200   Zero   RW            2    HEAP                startup_stm32f103xb.o
    0x200008e8        -       0x00000400   Zero   RW            1    STACK               startup_stm32f103xb.o


==============================================================================

Image component sizes


      Code (inc. data)   RO Data    RW Data    ZI Data      Debug   Object Name

       428         50          0          0        164       2256   adc.o
        44          4          0          0          0        670   dma.o
       168         14          0          0          0        847   gpio.o
       160         28          0          0         84       1453   i2c.o
      4984        210         79         53          0      28006   inv_mpu.o
      2382        118       3062          0         16      18478   inv_mpu_dmp_motion_driver.o
       908         98          0         80         96       5155   main.o
       394         24          0          0          0       4907   mpu6050.o
      1026         40       6632          0       1016     461362   oled.o
        64         26        236          0       1536        768   startup_stm32f103xb.o
       164         28          0         12          0       5549   stm32f1xx_hal.o
      1652         76          0          0          0      10828   stm32f1xx_hal_adc.o
       216          6          0          0          0       1338   stm32f1xx_hal_adc_ex.o
       198         14          0          0          0      28671   stm32f1xx_hal_cortex.o
       586         32          0          0          0       3375   stm32f1xx_hal_dma.o
       506         34          0          0          0       3329   stm32f1xx_hal_gpio.o
      2262         56          0          0          0      12230   stm32f1xx_hal_i2c.o
        60          8          0          0          0        782   stm32f1xx_hal_msp.o
      1284        106          0          0          0       5328   stm32f1xx_hal_rcc.o
       436         46          0          0          0       2397   stm32f1xx_hal_rcc_ex.o
       974         26          0          0          0       9525   stm32f1xx_hal_tim.o
       108         12          0          0          0       2193   stm32f1xx_hal_tim_ex.o
       560          6          0          0          0       3716   stm32f1xx_hal_uart.o
       144         28          0          2          0       4516   stm32f1xx_it.o
         2          0         24          4          0        987   system_stm32f1xx.o
       168         18          0          0         72       1490   tim.o
       168         20          0          0         68       1502   usart.o

    ----------------------------------------------------------------------
     20078       1128      10074        156       3052     621658   Object Totals
         0          0         32          0          0          0   (incl. Generated)
        32          0          9          5          0          0   (incl. Padding)

    ----------------------------------------------------------------------

      Code (inc. data)   RO Data    RW Data    ZI Data      Debug   Library Member Name

         8          0          0          0          0         68   __main.o
         0          0          0          0          0          0   __rtentry.o
        12          0          0          0          0          0   __rtentry2.o
         6          0          0          0          0          0   __rtentry4.o
        52          8          0          0          0          0   __scatter.o
        26          0          0          0          0          0   __scatter_copy.o
        28          0          0          0          0          0   __scatter_zi.o
        22          0          0          0          0        100   _rserrno.o
        16          0          0          0          0         68   aeabi_memset.o
        18          0          0          0          0         80   exit.o
         6          0          0          0          0        152   heapauxi.o
         0          0          0          0          0          0   indicate_semi.o
         2          0          0          0          0          0   libinit.o
         2          0          0          0          0          0   libinit2.o
         2          0          0          0          0          0   libshutdown.o
         2          0          0          0          0          0   libshutdown2.o
         8          4          0          0         96         68   libspace.o
        72          0          0          0          0         76   llsdiv.o
       238          0          0          0          0        100   lludivv7m.o
        88          0          0          0          0         76   memcmp.o
         8          4          0          0          0         68   rt_errno_addr_intlibspace.o
        68          0          0          0          0         68   rt_memclr.o
        78          0          0          0          0         80   rt_memclr_w.o
         2          0          0          0          0          0   rtexit.o
        10          0          0          0          0          0   rtexit2.o
        12          4          0          0          0         68   sys_exit.o
        74          0          0          0          0         80   sys_stackheap_outer.o
         2          0          0          0          0         68   use_no_semi.o
        98          4          0          0          0         92   d2f.o
       826         16          0          0          0        348   daddsub_clz.o
        16          4          0          0          0         68   dcheck1.o
        24          0          0          0          0         68   dcmpi.o
       688        140          0          0          0        208   ddiv.o
       120          4          0          0          0         92   deqf.o
        90          4          0          0          0         92   dfixu.o
        38          0          0          0          0         68   dflt_clz.o
       340         12          0          0          0        104   dmul.o
       156          4          0          0          0         92   dnaninf.o
        12          0          0          0          0         68   dretinf.o
       460         56          0          0          0        120   dsqrt_noumaal.o
        86          4          0          0          0         84   f2d.o
       430          8          0          0          0        168   faddsub_clz.o
        12          4          0          0          0         68   fcheck1.o
       388         76          0          0          0         96   fdiv.o
        54          4          0          0          0         84   ffix.o
        62          4          0          0          0         84   ffixu.o
        86          0          0          0          0        136   fflt_clz.o
       258          4          0          0          0         84   fmul.o
       140          4          0          0          0         84   fnaninf.o
        10          0          0          0          0         68   fretinf.o
       100          0          0          0          0         68   retnan.o
        92          0          0          0          0         68   scalbn.o
        76          0          0          0          0         68   scalbnf.o
        48          0          0          0          0         68   trapv.o
         0          0          0          0          0          0   usenofp.o
       624         52         80          0          0        168   asin.o
       544         70        152          0          0        124   atan.o
       412         38          0          0          0        144   atan2.o
        38          6          0          0          0        272   dunder.o
        40          0          0          0          0         68   fpclassify.o
       170          0          0          0          0         96   poly.o
         0          0          8          0          0          0   qnan.o
        76          0          0          0          0         84   sqrt.o

    ----------------------------------------------------------------------
      7496        538        240          0         96       4824   Library Totals
        20          0          0          0          0          0   (incl. Padding)

    ----------------------------------------------------------------------

      Code (inc. data)   RO Data    RW Data    ZI Data      Debug   Library Name

       862         20          0          0         96       1220   c_w.l
      4710        352          0          0          0       2648   fz_ws.l
      1904        166        240          0          0        956   m_ws.l

    ----------------------------------------------------------------------
      7496        538        240          0         96       4824   Library Totals

    ----------------------------------------------------------------------

==============================================================================


      Code (inc. data)   RO Data    RW Data    ZI Data      Debug   

     27574       1666      10314        156       3148     614934   Grand Totals
     27574       1666      10314        156       3148     614934   ELF Image Totals
     27574       1666      10314        156          0          0   ROM Totals

==============================================================================

    Total RO  Size (Code + RO Data)                37888 (  37.00kB)
    Total RW  Size (RW Data + ZI Data)              3304 (   3.23kB)
    Total ROM Size (Code + RO Data + RW Data)      38044 (  37.15kB)

==============================================================================

